Archive member included to satisfy reference by file (symbol)

third_party/libopencm3/lib/libopencm3_stm32f1.a(gpio.o)
                              bin/drivers/uart_comm.o (gpio_set_mode)
third_party/libopencm3/lib/libopencm3_stm32f1.a(gpio_common_all.o)
                              bin/drivers/uart_comm.o (gpio_set)
third_party/libopencm3/lib/libopencm3_stm32f1.a(rcc.o)
                              bin/main.o (rcc_clock_setup_pll)
third_party/libopencm3/lib/libopencm3_stm32f1.a(rcc_common_all.o)
                              bin/platform/system_init.o (rcc_periph_clock_enable)
third_party/libopencm3/lib/libopencm3_stm32f1.a(usart_common_all.o)
                              bin/drivers/uart_comm.o (usart_set_baudrate)
third_party/libopencm3/lib/libopencm3_stm32f1.a(usart_common_f124.o)
                              third_party/libopencm3/lib/libopencm3_stm32f1.a(usart_common_all.o) (usart_send)
third_party/libopencm3/lib/libopencm3_stm32f1.a(vector.o)
                              (reset_handler)
third_party/libopencm3/lib/libopencm3_stm32f1.a(nvic.o)
                              bin/drivers/uart_comm.o (nvic_enable_irq)
third_party/libopencm3/lib/libopencm3_stm32f1.a(assert.o)
                              third_party/libopencm3/lib/libopencm3_stm32f1.a(rcc.o) (cm3_assert_failed)
third_party/libopencm3/lib/libopencm3_stm32f1.a(flash_common_all.o)
                              third_party/libopencm3/lib/libopencm3_stm32f1.a(rcc.o) (flash_set_ws)
/usr/lib/gcc/arm-none-eabi/13.2.1/../../../arm-none-eabi/lib/thumb/v7-m/nofp/libc_nano.a(libc_a-strlen-stub.o)
                              bin/protocol/protocol.o (strlen)
/usr/lib/gcc/arm-none-eabi/13.2.1/../../../arm-none-eabi/lib/thumb/v7-m/nofp/libc_nano.a(libc_a-memset.o)
                              bin/app/app.o (memset)
/usr/lib/gcc/arm-none-eabi/13.2.1/../../../arm-none-eabi/lib/thumb/v7-m/nofp/libc_nano.a(libc_a-memcpy.o)
                              bin/protocol/protocol.o (memcpy)
/usr/lib/gcc/arm-none-eabi/13.2.1/../../../arm-none-eabi/lib/thumb/v7-m/nofp/libc_nano.a(libc_a-strncpy.o)
                              bin/app/app.o (strncpy)
/usr/lib/gcc/arm-none-eabi/13.2.1/../../../arm-none-eabi/lib/thumb/v7-m/nofp/libc_nano.a(libc_a-strncmp.o)
                              bin/protocol/protocol.o (strncmp)
/usr/lib/gcc/arm-none-eabi/13.2.1/../../../arm-none-eabi/lib/thumb/v7-m/nofp/libc_nano.a(libc_a-strcmp.o)
                              bin/app/app.o (strcmp)
/usr/lib/gcc/arm-none-eabi/13.2.1/../../../arm-none-eabi/lib/thumb/v7-m/nofp/libc_nano.a(libc_a-snprintf.o)
                              bin/app/app.o (snprintf)
/usr/lib/gcc/arm-none-eabi/13.2.1/../../../arm-none-eabi/lib/thumb/v7-m/nofp/libc_nano.a(libc_a-impure.o)
                              /usr/lib/gcc/arm-none-eabi/13.2.1/../../../arm-none-eabi/lib/thumb/v7-m/nofp/libc_nano.a(libc_a-snprintf.o) (_impure_ptr)
/usr/lib/gcc/arm-none-eabi/13.2.1/../../../arm-none-eabi/lib/thumb/v7-m/nofp/libc_nano.a(libc_a-nano-svfprintf.o)
                              /usr/lib/gcc/arm-none-eabi/13.2.1/../../../arm-none-eabi/lib/thumb/v7-m/nofp/libc_nano.a(libc_a-snprintf.o) (_svfprintf_r)
/usr/lib/gcc/arm-none-eabi/13.2.1/../../../arm-none-eabi/lib/thumb/v7-m/nofp/libc_nano.a(libc_a-mallocr.o)
                              /usr/lib/gcc/arm-none-eabi/13.2.1/../../../arm-none-eabi/lib/thumb/v7-m/nofp/libc_nano.a(libc_a-nano-svfprintf.o) (_malloc_r)
/usr/lib/gcc/arm-none-eabi/13.2.1/../../../arm-none-eabi/lib/thumb/v7-m/nofp/libc_nano.a(libc_a-freer.o)
                              /usr/lib/gcc/arm-none-eabi/13.2.1/../../../arm-none-eabi/lib/thumb/v7-m/nofp/libc_nano.a(libc_a-nano-svfprintf.o) (_free_r)
/usr/lib/gcc/arm-none-eabi/13.2.1/../../../arm-none-eabi/lib/thumb/v7-m/nofp/libc_nano.a(libc_a-memmove.o)
                              /usr/lib/gcc/arm-none-eabi/13.2.1/../../../arm-none-eabi/lib/thumb/v7-m/nofp/libc_nano.a(libc_a-nano-svfprintf.o) (memmove)
/usr/lib/gcc/arm-none-eabi/13.2.1/../../../arm-none-eabi/lib/thumb/v7-m/nofp/libc_nano.a(libc_a-reallocr.o)
                              /usr/lib/gcc/arm-none-eabi/13.2.1/../../../arm-none-eabi/lib/thumb/v7-m/nofp/libc_nano.a(libc_a-nano-svfprintf.o) (_realloc_r)
/usr/lib/gcc/arm-none-eabi/13.2.1/../../../arm-none-eabi/lib/thumb/v7-m/nofp/libc_nano.a(libc_a-nano-vfprintf_i.o)
                              /usr/lib/gcc/arm-none-eabi/13.2.1/../../../arm-none-eabi/lib/thumb/v7-m/nofp/libc_nano.a(libc_a-nano-svfprintf.o) (_printf_i)
/usr/lib/gcc/arm-none-eabi/13.2.1/../../../arm-none-eabi/lib/thumb/v7-m/nofp/libc_nano.a(libc_a-mlock.o)
                              /usr/lib/gcc/arm-none-eabi/13.2.1/../../../arm-none-eabi/lib/thumb/v7-m/nofp/libc_nano.a(libc_a-mallocr.o) (__malloc_lock)
/usr/lib/gcc/arm-none-eabi/13.2.1/../../../arm-none-eabi/lib/thumb/v7-m/nofp/libc_nano.a(libc_a-memchr-stub.o)
                              /usr/lib/gcc/arm-none-eabi/13.2.1/../../../arm-none-eabi/lib/thumb/v7-m/nofp/libc_nano.a(libc_a-nano-svfprintf.o) (memchr)
[...]
Memory Configuration

Name             Origin             Length             Attributes
rom              0x08000000         0x00010000         xr
ram              0x20000000         0x00005000         xrw
*default*        0x00000000         0xffffffff

Linker script and memory map

LOAD bin/main.o
LOAD bin/platform/system_init.o
LOAD bin/app/tasks.o
LOAD bin/drivers/uart_comm.o
LOAD bin/protocol/protocol.o
LOAD bin/protocol/parser.o
LOAD bin/app/app.o
LOAD bin/app/sensors.o
LOAD bin/app/actuators.o
LOAD bin/freertos/list.o
LOAD bin/freertos/queue.o
LOAD bin/freertos/tasks.o
LOAD bin/freertos/portable/GCC/ARM_CM3/port.o
LOAD bin/freertos/heap_4.o
LOAD third_party/libopencm3/lib/libopencm3_stm32f1.a
LOAD third_party/libopencm3/lib/libopencm3_stm32f1.a
LOAD /usr/lib/gcc/arm-none-eabi/13.2.1/../../../arm-none-eabi/lib/thumb/v7-m/nofp/libc_nano.a
LOAD /usr/lib/gcc/arm-none-eabi/13.2.1/thumb/v7-m/nofp/libgcc.a
LOAD /usr/lib/gcc/arm-none-eabi/13.2.1/../../../arm-none-eabi/lib/thumb/v7-m/nofp/libnosys.a
                0x20005000                        _stack = (ORIGIN (ram) + LENGTH (ram))

.text           0x08000000     0x53e5
 *(.vectors)
 .vectors       0x08000000      0x150 third_party/libopencm3/lib/libopencm3_stm32f1.a(vector.o)
                0x08000000                vector_table
 *(.text*)
 .text.main     0x08000150       0x2c bin/main.o
                0x08000150                main
 .text.system_init_board
                0x0800017c       0x10 bin/platform/system_init.o
                0x0800017c                system_init_board
 .text.task_uart_rx
                0x0800018c       0x40 bin/app/tasks.o
 .text.task_parser
                0x080001cc       0xa4 bin/app/tasks.o
 .text.tasks_get_parser_byte_count
                0x08000270       0x14 bin/app/tasks.o
                0x08000270                tasks_get_parser_byte_count
 .text.tasks_get_parser_message_count
                0x08000284       0x14 bin/app/tasks.o
                0x08000284                tasks_get_parser_message_count
 .text.tasks_get_parser_error_count
                0x08000298       0x14 bin/app/tasks.o
                0x08000298                tasks_get_parser_error_count
 .text.task_app
                0x080002ac       0x40 bin/app/tasks.o
 .text.task_telemetry
                0x080002ec       0x88 bin/app/tasks.o
 .text.task_actuators
                0x08000374       0x30 bin/app/tasks.o
 .text.task_uart_tx
                0x080003a4       0x54 bin/app/tasks.o
 .text.tasks_start
                0x080003f8      0x1d8 bin/app/tasks.o
                0x080003f8                tasks_start
 .text.uart_comm_set_rx_queue
                0x080005d0       0x1c bin/drivers/uart_comm.o
                0x080005d0                uart_comm_set_rx_queue
 .text.uart_comm_init
                0x080005ec       0x94 bin/drivers/uart_comm.o
                0x080005ec                uart_comm_init
 .text.uart_comm_send_bytes
                0x08000680       0x44 bin/drivers/uart_comm.o
                0x08000680                uart_comm_send_bytes
 .text.uart_comm_get_rx_irq_count
                0x080006c4       0x14 bin/drivers/uart_comm.o
                0x080006c4                uart_comm_get_rx_irq_count
 .text.uart_comm_get_rx_drop_count
                0x080006d8       0x14 bin/drivers/uart_comm.o
                0x080006d8                uart_comm_get_rx_drop_count
 .text.usart1_isr
                0x080006ec       0x90 bin/drivers/uart_comm.o
                0x080006ec                usart1_isr
 .text.nibble_to_hex
                0x0800077c       0x28 bin/protocol/protocol.o
 .text.protocol_type_is_valid
                0x080007a4       0x20 bin/protocol/protocol.o
 .text.payload_is_valid
                0x080007c4       0x56 bin/protocol/protocol.o
 .text.hex_char_to_nibble
                0x0800081a       0x3c bin/protocol/protocol.o
                0x0800081a                hex_char_to_nibble
 .text.protocol_checksum
                0x08000856       0x46 bin/protocol/protocol.o
                0x08000856                protocol_checksum
 .text.protocol_compute_checksum
                0x0800089c       0x1c bin/protocol/protocol.o
                0x0800089c                protocol_compute_checksum
 .text.protocol_type_to_text
                0x080008b8       0x70 bin/protocol/protocol.o
                0x080008b8                protocol_type_to_text
 .text.protocol_type_from_text
                0x08000928       0xbc bin/protocol/protocol.o
                0x08000928                protocol_type_from_text
 .text.protocol_message_set
                0x080009e4       0x8e bin/protocol/protocol.o
                0x080009e4                protocol_message_set
 .text.protocol_encode_frame
                0x08000a72      0x246 bin/protocol/protocol.o
                0x08000a72                protocol_encode_frame
 .text.protocol_decode_body
                0x08000cb8       0xca bin/protocol/protocol.o
                0x08000cb8                protocol_decode_body
 .text.is_hex_digit
                0x08000d82       0x36 bin/protocol/parser.o
 .text.hex_pair_to_value
                0x08000db8       0x3c bin/protocol/parser.o
 .text.is_body_byte_allowed
                0x08000df4       0x30 bin/protocol/parser.o
 .text.parser_fail
                0x08000e24       0x28 bin/protocol/parser.o
 .text.parser_reset
                0x08000e4c       0x60 bin/protocol/parser.o
                0x08000e4c                parser_reset
 .text.parser_init
                0x08000eac       0x16 bin/protocol/parser.o
                0x08000eac                parser_init
 *fill*         0x08000ec2        0x2 
 .text.parser_consume_byte
                0x08000ec4      0x318 bin/protocol/parser.o
                0x08000ec4                parser_consume_byte
 .text.send_simple_message
                0x080011dc       0x3a bin/app/app.o
 .text.payload_equals
                0x08001216       0x26 bin/app/app.o
 .text.build_led_command
                0x0800123c       0x70 bin/app/app.o
 .text.app_init
                0x080012ac       0x20 bin/app/app.o
                0x080012ac                app_init
 .text.app_handle_message
                0x080012cc      0x110 bin/app/app.o
                0x080012cc                app_handle_message
 .text.app_build_telemetry_message
                0x080013dc       0x4a bin/app/app.o
                0x080013dc                app_build_telemetry_message
 *fill*         0x08001426        0x2 
 .text.app_build_status_message
                0x08001428       0x98 bin/app/app.o
                0x08001428                app_build_status_message
 .text.sensors_init
                0x080014c0        0xc bin/app/sensors.o
                0x080014c0                sensors_init
 .text.sensors_build_telemetry_payload
                0x080014cc       0x74 bin/app/sensors.o
                0x080014cc                sensors_build_telemetry_payload
 .text.actuators_init
                0x08001540       0x2c bin/app/actuators.o
                0x08001540                actuators_init
 .text.actuators_apply_command
                0x0800156c       0x98 bin/app/actuators.o
                0x0800156c                actuators_apply_command
 .text.vListInitialise
                0x08001604       0x3e bin/freertos/list.o
                0x08001604                vListInitialise
 .text.vListInitialiseItem
                0x08001642       0x18 bin/freertos/list.o
                0x08001642                vListInitialiseItem
 .text.vListInsert
                0x0800165a       0x70 bin/freertos/list.o
                0x0800165a                vListInsert
 .text.uxListRemove
                0x080016ca       0x52 bin/freertos/list.o
                0x080016ca                uxListRemove
 .text.xQueueGenericReset
                0x0800171c      0x124 bin/freertos/queue.o
                0x0800171c                xQueueGenericReset
 .text.xQueueGenericCreate
                0x08001840       0x9e bin/freertos/queue.o
                0x08001840                xQueueGenericCreate
 .text.prvInitialiseNewQueue
                0x080018de       0x3e bin/freertos/queue.o
 .text.xQueueGenericSend
                0x0800191c      0x204 bin/freertos/queue.o
                0x0800191c                xQueueGenericSend
 .text.xQueueGenericSendFromISR
                0x08001b20      0x16c bin/freertos/queue.o
                0x08001b20                xQueueGenericSendFromISR
 .text.xQueueReceive
                0x08001c8c      0x1c4 bin/freertos/queue.o
                0x08001c8c                xQueueReceive
 .text.prvCopyDataToQueue
                0x08001e50       0xd4 bin/freertos/queue.o
 .text.prvCopyDataFromQueue
                0x08001f24       0x4c bin/freertos/queue.o
 .text.prvUnlockQueue
                0x08001f70       0xa4 bin/freertos/queue.o
 .text.prvIsQueueEmpty
                0x08002014       0x2c bin/freertos/queue.o
 .text.prvIsQueueFull
                0x08002040       0x30 bin/freertos/queue.o
 .text.prvCreateTask
                0x08002070       0x78 bin/freertos/tasks.o
 .text.xTaskCreate
                0x080020e8       0x46 bin/freertos/tasks.o
                0x080020e8                xTaskCreate
 .text.prvInitialiseNewTask
                0x0800212e      0x110 bin/freertos/tasks.o
 *fill*         0x0800223e        0x2 
 .text.prvAddNewTaskToReadyList
                0x08002240      0x128 bin/freertos/tasks.o
 .text.xTaskDelayUntil
                0x08002368      0x104 bin/freertos/tasks.o
                0x08002368                xTaskDelayUntil
 .text.prvCreateIdleTasks
                0x0800246c       0x94 bin/freertos/tasks.o
 .text.vTaskStartScheduler
                0x08002500       0x7c bin/freertos/tasks.o
                0x08002500                vTaskStartScheduler
 .text.vTaskSuspendAll
                0x0800257c       0x1c bin/freertos/tasks.o
                0x0800257c                vTaskSuspendAll
 .text.xTaskResumeAll
                0x08002598      0x210 bin/freertos/tasks.o
                0x08002598                xTaskResumeAll
 .text.xTaskGetTickCount
                0x080027a8       0x1c bin/freertos/tasks.o
                0x080027a8                xTaskGetTickCount
 .text.uxTaskGetNumberOfTasks
                0x080027c4       0x14 bin/freertos/tasks.o
                0x080027c4                uxTaskGetNumberOfTasks
 .text.xTaskIncrementTick
                0x080027d8      0x234 bin/freertos/tasks.o
                0x080027d8                xTaskIncrementTick
 .text.vTaskSwitchContext
                0x08002a0c       0xb8 bin/freertos/tasks.o
                0x08002a0c                vTaskSwitchContext
 .text.vTaskPlaceOnEventList
                0x08002ac4       0x4c bin/freertos/tasks.o
                0x08002ac4                vTaskPlaceOnEventList
 .text.xTaskRemoveFromEventList
                0x08002b10      0x1b0 bin/freertos/tasks.o
                0x08002b10                xTaskRemoveFromEventList
 .text.vTaskInternalSetTimeOutState
                0x08002cc0       0x2c bin/freertos/tasks.o
                0x08002cc0                vTaskInternalSetTimeOutState
 .text.xTaskCheckForTimeOut
                0x08002cec       0xd0 bin/freertos/tasks.o
                0x08002cec                xTaskCheckForTimeOut
 .text.vTaskMissedYield
                0x08002dbc       0x18 bin/freertos/tasks.o
                0x08002dbc                vTaskMissedYield
 .text.prvIdleTask
                0x08002dd4       0x30 bin/freertos/tasks.o
 .text.prvInitialiseTaskLists
                0x08002e04       0x80 bin/freertos/tasks.o
 .text.prvCheckTasksWaitingTermination
                0x08002e84       0x5c bin/freertos/tasks.o
 .text.prvDeleteTCB
                0x08002ee0       0x20 bin/freertos/tasks.o
 .text.prvResetNextTaskUnblockTime
                0x08002f00       0x34 bin/freertos/tasks.o
 .text.xTaskGetSchedulerState
                0x08002f34       0x3c bin/freertos/tasks.o
                0x08002f34                xTaskGetSchedulerState
 .text.xTaskPriorityDisinherit
                0x08002f70      0x150 bin/freertos/tasks.o
                0x08002f70                xTaskPriorityDisinherit
 .text.prvAddCurrentTaskToDelayedList
                0x080030c0      0x104 bin/freertos/tasks.o
 .text.pxPortInitialiseStack
                0x080031c4       0x58 bin/freertos/portable/GCC/ARM_CM3/port.o
                0x080031c4                pxPortInitialiseStack
 .text.prvTaskExitError
                0x0800321c       0x58 bin/freertos/portable/GCC/ARM_CM3/port.o
 *fill*         0x08003274        0xc 
 .text.sv_call_handler
                0x08003280       0x28 bin/freertos/portable/GCC/ARM_CM3/port.o
                0x08003280                sv_call_handler
 .text.prvPortStartFirstTask
                0x080032a8       0x24 bin/freertos/portable/GCC/ARM_CM3/port.o
 .text.xPortStartScheduler
                0x080032cc      0x17c bin/freertos/portable/GCC/ARM_CM3/port.o
                0x080032cc                xPortStartScheduler
 .text.vPortEnterCritical
                0x08003448       0x60 bin/freertos/portable/GCC/ARM_CM3/port.o
                0x08003448                vPortEnterCritical
 .text.vPortExitCritical
                0x080034a8       0x54 bin/freertos/portable/GCC/ARM_CM3/port.o
                0x080034a8                vPortExitCritical
 *fill*         0x080034fc        0x4 
 .text.pend_sv_handler
                0x08003500       0x48 bin/freertos/portable/GCC/ARM_CM3/port.o
                0x08003500                pend_sv_handler
 .text.sys_tick_handler
                0x08003548       0x44 bin/freertos/portable/GCC/ARM_CM3/port.o
                0x08003548                sys_tick_handler
 .text.vPortSetupTimerInterrupt
                0x0800358c       0x34 bin/freertos/portable/GCC/ARM_CM3/port.o
                0x0800358c                vPortSetupTimerInterrupt
 .text.vPortValidateInterruptPriority
                0x080035c0       0x80 bin/freertos/portable/GCC/ARM_CM3/port.o
                0x080035c0                vPortValidateInterruptPriority
 .text.pvPortMalloc
                0x08003640      0x264 bin/freertos/heap_4.o
                0x08003640                pvPortMalloc
 .text.vPortFree
                0x080038a4       0xec bin/freertos/heap_4.o
                0x080038a4                vPortFree
 .text.prvHeapInit
                0x08003990       0xb4 bin/freertos/heap_4.o
 .text.prvInsertBlockIntoFreeList
                0x08003a44       0xf4 bin/freertos/heap_4.o
 .text.gpio_set_mode
                0x08003b38       0x5e third_party/libopencm3/lib/libopencm3_stm32f1.a(gpio.o)
                0x08003b38                gpio_set_mode
 .text.gpio_set
                0x08003b96        0x4 third_party/libopencm3/lib/libopencm3_stm32f1.a(gpio_common_all.o)
                0x08003b96                gpio_set
 .text.gpio_clear
                0x08003b9a        0x6 third_party/libopencm3/lib/libopencm3_stm32f1.a(gpio_common_all.o)
                0x08003b9a                gpio_clear
 .text.gpio_toggle
                0x08003ba0       0x12 third_party/libopencm3/lib/libopencm3_stm32f1.a(gpio_common_all.o)
                0x08003ba0                gpio_toggle
 *fill*         0x08003bb2        0x2 
 .text.rcc_is_osc_ready
                0x08003bb4       0x58 third_party/libopencm3/lib/libopencm3_stm32f1.a(rcc.o)
                0x08003bb4                rcc_is_osc_ready
 .text.rcc_wait_for_osc_ready
                0x08003c0c       0x10 third_party/libopencm3/lib/libopencm3_stm32f1.a(rcc.o)
                0x08003c0c                rcc_wait_for_osc_ready
 .text.rcc_osc_on
                0x08003c1c       0x60 third_party/libopencm3/lib/libopencm3_stm32f1.a(rcc.o)
                0x08003c1c                rcc_osc_on
 .text.rcc_set_sysclk_source
                0x08003c7c       0x14 third_party/libopencm3/lib/libopencm3_stm32f1.a(rcc.o)
                0x08003c7c                rcc_set_sysclk_source
 .text.rcc_set_pll_multiplication_factor
                0x08003c90       0x14 third_party/libopencm3/lib/libopencm3_stm32f1.a(rcc.o)
                0x08003c90                rcc_set_pll_multiplication_factor
 .text.rcc_set_pll2_multiplication_factor
                0x08003ca4       0x14 third_party/libopencm3/lib/libopencm3_stm32f1.a(rcc.o)
                0x08003ca4                rcc_set_pll2_multiplication_factor
 .text.rcc_set_pll3_multiplication_factor
                0x08003cb8       0x14 third_party/libopencm3/lib/libopencm3_stm32f1.a(rcc.o)
                0x08003cb8                rcc_set_pll3_multiplication_factor
 .text.rcc_set_pll_source
                0x08003ccc       0x14 third_party/libopencm3/lib/libopencm3_stm32f1.a(rcc.o)
                0x08003ccc                rcc_set_pll_source
 .text.rcc_set_pllxtpre
                0x08003ce0       0x14 third_party/libopencm3/lib/libopencm3_stm32f1.a(rcc.o)
                0x08003ce0                rcc_set_pllxtpre
 .text.rcc_set_adcpre
                0x08003cf4       0x14 third_party/libopencm3/lib/libopencm3_stm32f1.a(rcc.o)
                0x08003cf4                rcc_set_adcpre
 .text.rcc_set_ppre2
                0x08003d08       0x14 third_party/libopencm3/lib/libopencm3_stm32f1.a(rcc.o)
                0x08003d08                rcc_set_ppre2
 .text.rcc_set_ppre1
                0x08003d1c       0x14 third_party/libopencm3/lib/libopencm3_stm32f1.a(rcc.o)
                0x08003d1c                rcc_set_ppre1
 .text.rcc_set_hpre
                0x08003d30       0x14 third_party/libopencm3/lib/libopencm3_stm32f1.a(rcc.o)
                0x08003d30                rcc_set_hpre
 .text.rcc_set_usbpre
                0x08003d44       0x18 third_party/libopencm3/lib/libopencm3_stm32f1.a(rcc.o)
                0x08003d44                rcc_set_usbpre
 .text.rcc_set_prediv1
                0x08003d5c       0x14 third_party/libopencm3/lib/libopencm3_stm32f1.a(rcc.o)
                0x08003d5c                rcc_set_prediv1
 .text.rcc_set_prediv2
                0x08003d70       0x14 third_party/libopencm3/lib/libopencm3_stm32f1.a(rcc.o)
                0x08003d70                rcc_set_prediv2
 .text.rcc_set_prediv1_source
                0x08003d84       0x18 third_party/libopencm3/lib/libopencm3_stm32f1.a(rcc.o)
                0x08003d84                rcc_set_prediv1_source
 .text.rcc_clock_setup_pll
                0x08003d9c       0xbc third_party/libopencm3/lib/libopencm3_stm32f1.a(rcc.o)
                0x08003d9c                rcc_clock_setup_pll
 .text.rcc_get_usart_clk_freq
                0x08003e58       0x1c third_party/libopencm3/lib/libopencm3_stm32f1.a(rcc.o)
                0x08003e58                rcc_get_usart_clk_freq
 .text.rcc_periph_clock_enable
                0x08003e74       0x1a third_party/libopencm3/lib/libopencm3_stm32f1.a(rcc_common_all.o)
                0x08003e74                rcc_periph_clock_enable
 .text.usart_set_baudrate
                0x08003e8e       0x16 third_party/libopencm3/lib/libopencm3_stm32f1.a(usart_common_all.o)
                0x08003e8e                usart_set_baudrate
 .text.usart_set_databits
                0x08003ea4       0x12 third_party/libopencm3/lib/libopencm3_stm32f1.a(usart_common_all.o)
                0x08003ea4                usart_set_databits
 .text.usart_set_stopbits
                0x08003eb6        0xc third_party/libopencm3/lib/libopencm3_stm32f1.a(usart_common_all.o)
                0x08003eb6                usart_set_stopbits
 .text.usart_set_parity
                0x08003ec2        0xc third_party/libopencm3/lib/libopencm3_stm32f1.a(usart_common_all.o)
                0x08003ec2                usart_set_parity
 .text.usart_set_mode
                0x08003ece        0xc third_party/libopencm3/lib/libopencm3_stm32f1.a(usart_common_all.o)
                0x08003ece                usart_set_mode
 .text.usart_set_flow_control
                0x08003eda        0xc third_party/libopencm3/lib/libopencm3_stm32f1.a(usart_common_all.o)
                0x08003eda                usart_set_flow_control
 .text.usart_enable
                0x08003ee6        0xa third_party/libopencm3/lib/libopencm3_stm32f1.a(usart_common_all.o)
                0x08003ee6                usart_enable
 .text.usart_send_blocking
                0x08003ef0       0x16 third_party/libopencm3/lib/libopencm3_stm32f1.a(usart_common_all.o)
                0x08003ef0                usart_send_blocking
 .text.usart_enable_rx_interrupt
                0x08003f06        0xa third_party/libopencm3/lib/libopencm3_stm32f1.a(usart_common_all.o)
                0x08003f06                usart_enable_rx_interrupt
 .text.usart_send
                0x08003f10        0x8 third_party/libopencm3/lib/libopencm3_stm32f1.a(usart_common_f124.o)
                0x08003f10                usart_send
 .text.usart_recv
                0x08003f18        0x8 third_party/libopencm3/lib/libopencm3_stm32f1.a(usart_common_f124.o)
                0x08003f18                usart_recv
 .text.usart_wait_send_ready
                0x08003f20        0x8 third_party/libopencm3/lib/libopencm3_stm32f1.a(usart_common_f124.o)
                0x08003f20                usart_wait_send_ready
 .text.usart_get_flag
                0x08003f28        0xc third_party/libopencm3/lib/libopencm3_stm32f1.a(usart_common_f124.o)
                0x08003f28                usart_get_flag
 .text.blocking_handler
                0x08003f34        0x2 third_party/libopencm3/lib/libopencm3_stm32f1.a(vector.o)
                0x08003f34                usart3_isr
                0x08003f34                rtc_isr
                0x08003f34                tim7_isr
                0x08003f34                adc1_2_isr
                0x08003f34                tim1_trg_com_isr
                0x08003f34                usb_hp_can_tx_isr
                0x08003f34                tim6_isr
                0x08003f34                usb_wakeup_isr
                0x08003f34                blocking_handler
                0x08003f34                tim5_isr
                0x08003f34                otg_fs_isr
                0x08003f34                spi1_isr
                0x08003f34                exti2_isr
                0x08003f34                dma1_channel6_isr
                0x08003f34                can_rx1_isr
                0x08003f34                dma1_channel5_isr
                0x08003f34                dma2_channel5_isr
                0x08003f34                usage_fault_handler
                0x08003f34                tim8_trg_com_isr
                0x08003f34                can2_rx0_isr
                0x08003f34                tim1_brk_isr
                0x08003f34                can2_rx1_isr
                0x08003f34                tim1_cc_isr
                0x08003f34                sdio_isr
                0x08003f34                eth_isr
                0x08003f34                dma1_channel4_isr
                0x08003f34                tim8_brk_isr
                0x08003f34                dma2_channel4_5_isr
                0x08003f34                pvd_isr
                0x08003f34                rcc_isr
                0x08003f34                flash_isr
                0x08003f34                uart4_isr
                0x08003f34                rtc_alarm_isr
                0x08003f34                exti15_10_isr
                0x08003f34                hard_fault_handler
                0x08003f34                exti1_isr
                0x08003f34                i2c1_ev_isr
                0x08003f34                dma2_channel1_isr
                0x08003f34                spi2_isr
                0x08003f34                tim8_up_isr
                0x08003f34                dma2_channel2_isr
                0x08003f34                exti3_isr
                0x08003f34                adc3_isr
                0x08003f34                tim3_isr
                0x08003f34                usart2_isr
                0x08003f34                usb_lp_can_rx0_isr
                0x08003f34                i2c2_er_isr
                0x08003f34                i2c2_ev_isr
                0x08003f34                uart5_isr
                0x08003f34                fsmc_isr
                0x08003f34                dma1_channel1_isr
                0x08003f34                exti4_isr
                0x08003f34                mem_manage_handler
                0x08003f34                can2_tx_isr
                0x08003f34                exti9_5_isr
                0x08003f34                dma2_channel3_isr
                0x08003f34                dma1_channel7_isr
                0x08003f34                tim1_up_isr
                0x08003f34                can2_sce_isr
                0x08003f34                tim4_isr
                0x08003f34                dma1_channel2_isr
                0x08003f34                i2c1_er_isr
                0x08003f34                can_sce_isr
                0x08003f34                tim8_cc_isr
                0x08003f34                tamper_isr
                0x08003f34                eth_wkup_isr
                0x08003f34                bus_fault_handler
                0x08003f34                wwdg_isr
                0x08003f34                dma1_channel3_isr
                0x08003f34                spi3_isr
                0x08003f34                tim2_isr
                0x08003f34                exti0_isr
 .text.null_handler
                0x08003f36        0x2 third_party/libopencm3/lib/libopencm3_stm32f1.a(vector.o)
                0x08003f36                null_handler
                0x08003f36                debug_monitor_handler
                0x08003f36                nmi_handler
 .text.reset_handler
                0x08003f38       0x94 third_party/libopencm3/lib/libopencm3_stm32f1.a(vector.o)
                0x08003f38                reset_handler
 .text.nvic_enable_irq
                0x08003fcc       0x18 third_party/libopencm3/lib/libopencm3_stm32f1.a(nvic.o)
                0x08003fcc                nvic_enable_irq
 .text.nvic_set_priority
                0x08003fe4       0x20 third_party/libopencm3/lib/libopencm3_stm32f1.a(nvic.o)
                0x08003fe4                nvic_set_priority
 .text.flash_set_ws
                0x08004004       0x14 third_party/libopencm3/lib/libopencm3_stm32f1.a(flash_common_all.o)
                0x08004004                flash_set_ws
 .text          0x08004018       0x5c /usr/lib/gcc/arm-none-eabi/13.2.1/../../../arm-none-eabi/lib/thumb/v7-m/nofp/libc_nano.a(libc_a-strlen-stub.o)
                0x08004018                strlen
 .text          0x08004074       0xa0 /usr/lib/gcc/arm-none-eabi/13.2.1/../../../arm-none-eabi/lib/thumb/v7-m/nofp/libc_nano.a(libc_a-memset.o)
                0x08004074                memset
 .text          0x08004114       0xec /usr/lib/gcc/arm-none-eabi/13.2.1/../../../arm-none-eabi/lib/thumb/v7-m/nofp/libc_nano.a(libc_a-memcpy.o)
                0x08004114                memcpy
 .text          0x08004200       0x6c /usr/lib/gcc/arm-none-eabi/13.2.1/../../../arm-none-eabi/lib/thumb/v7-m/nofp/libc_nano.a(libc_a-strncpy.o)
                0x08004200                strncpy
 .text          0x0800426c       0x8c /usr/lib/gcc/arm-none-eabi/13.2.1/../../../arm-none-eabi/lib/thumb/v7-m/nofp/libc_nano.a(libc_a-strncmp.o)
                0x0800426c                strncmp
 .text          0x080042f8      0x1bc /usr/lib/gcc/arm-none-eabi/13.2.1/../../../arm-none-eabi/lib/thumb/v7-m/nofp/libc_nano.a(libc_a-strcmp.o)
                0x080042f8                strcmp
 .text          0x080044b4      0x10c /usr/lib/gcc/arm-none-eabi/13.2.1/../../../arm-none-eabi/lib/thumb/v7-m/nofp/libc_nano.a(libc_a-snprintf.o)
                0x080044b4                _sniprintf_r
                0x080044b4                _snprintf_r
                0x08004534                snprintf
                0x08004534                sniprintf
 .text          0x080045c0      0x400 /usr/lib/gcc/arm-none-eabi/13.2.1/../../../arm-none-eabi/lib/thumb/v7-m/nofp/libc_nano.a(libc_a-nano-svfprintf.o)
                0x080045c0                __ssputs_r
                0x08004680                __ssprint_r
                0x08004790                _svfprintf_r
                0x08004790                _svfiprintf_r
 .text          0x080049c0      0x14c /usr/lib/gcc/arm-none-eabi/13.2.1/../../../arm-none-eabi/lib/thumb/v7-m/nofp/libc_nano.a(libc_a-mallocr.o)
                0x08004a0c                _malloc_r
 .text          0x08004b0c       0xbc /usr/lib/gcc/arm-none-eabi/13.2.1/../../../arm-none-eabi/lib/thumb/v7-m/nofp/libc_nano.a(libc_a-freer.o)
                0x08004b0c                _free_r
 .text          0x08004bc8       0xfc /usr/lib/gcc/arm-none-eabi/13.2.1/../../../arm-none-eabi/lib/thumb/v7-m/nofp/libc_nano.a(libc_a-memmove.o)
                0x08004bc8                memmove
 .text          0x08004cc4       0x64 /usr/lib/gcc/arm-none-eabi/13.2.1/../../../arm-none-eabi/lib/thumb/v7-m/nofp/libc_nano.a(libc_a-reallocr.o)
                0x08004cc4                _realloc_r
 .text          0x08004d28      0x3a8 /usr/lib/gcc/arm-none-eabi/13.2.1/../../../arm-none-eabi/lib/thumb/v7-m/nofp/libc_nano.a(libc_a-nano-vfprintf_i.o)
                0x08004d28                _printf_common
                0x08004e4c                _printf_i
 .text          0x080050d0        0x8 /usr/lib/gcc/arm-none-eabi/13.2.1/../../../arm-none-eabi/lib/thumb/v7-m/nofp/libc_nano.a(libc_a-mlock.o)
                0x080050d0                __malloc_lock
                0x080050d4                __malloc_unlock
 .text          0x080050d8       0x98 /usr/lib/gcc/arm-none-eabi/13.2.1/../../../arm-none-eabi/lib/thumb/v7-m/nofp/libc_nano.a(libc_a-memchr-stub.o)
                0x080050d8                memchr
 .text          0x08005170       0x24 /usr/lib/gcc/arm-none-eabi/13.2.1/../../../arm-none-eabi/lib/thumb/v7-m/nofp/libc_nano.a(libc_a-sbrkr.o)
                0x08005170                _sbrk_r
 .text          0x08005194       0x10 /usr/lib/gcc/arm-none-eabi/13.2.1/../../../arm-none-eabi/lib/thumb/v7-m/nofp/libc_nano.a(libc_a-msizer.o)
                0x08005194                _malloc_usable_size_r
 .text          0x080051a4       0x1c /usr/lib/gcc/arm-none-eabi/13.2.1/../../../arm-none-eabi/lib/thumb/v7-m/nofp/libnosys.a(sbrk.o)
                0x080051a4                _sbrk
 *(.rodata*)
 .rodata        0x080051c0       0x34 bin/app/tasks.o
 .rodata        0x080051f4       0x1c bin/protocol/protocol.o
 .rodata        0x08005210       0xc5 bin/app/app.o
 *fill*         0x080052d5        0x3 
 .rodata.g_led_command_map
                0x080052d8       0x18 bin/app/app.o
 .rodata        0x080052f0       0x10 bin/app/sensors.o
 .rodata        0x08005300       0x13 bin/app/actuators.o
 *fill*         0x08005313        0x1 
 .rodata.uxTopUsedPriority
                0x08005314        0x4 bin/freertos/tasks.o
 .rodata        0x08005318        0x5 bin/freertos/tasks.o
 *fill*         0x0800531d        0x3 
 .rodata.rcc_hse_configs
                0x08005320       0x8c third_party/libopencm3/lib/libopencm3_stm32f1.a(rcc.o)
                0x08005320                rcc_hse_configs
 .rodata.str1.4
                0x080053ac       0x39 /usr/lib/gcc/arm-none-eabi/13.2.1/../../../arm-none-eabi/lib/thumb/v7-m/nofp/libc_nano.a(libc_a-nano-svfprintf.o)
                                 0x13 (size before relaxing)
 .rodata.str1.4
                0x080053e5       0x25 /usr/lib/gcc/arm-none-eabi/13.2.1/../../../arm-none-eabi/lib/thumb/v7-m/nofp/libc_nano.a(libc_a-nano-vfprintf_i.o)
 *(.glue_7)
 .glue_7        0x080053e5        0x0 linker stubs
 *(.glue_7t)
 .glue_7t       0x080053e5        0x0 linker stubs
 *(.eh_frame)

.vfp11_veneer   0x080053e8        0x0
 .vfp11_veneer  0x080053e8        0x0 linker stubs

.v4_bx          0x080053e8        0x0
 .v4_bx         0x080053e8        0x0 linker stubs

.iplt           0x080053e8        0x0
 .iplt          0x080053e8        0x0 bin/main.o

.rel.dyn        0x080053e8        0x0
 .rel.iplt      0x080053e8        0x0 bin/main.o

.data           0x20000000       0x60 load address 0x080053e5
                0x20000000                        _data = .
                0x080053e5                        _data_loadaddr = LOADADDR (.data)
 *(.data*)
 .data.uxCriticalNesting
                0x20000000        0x4 bin/freertos/portable/GCC/ARM_CM3/port.o
 .data.rcc_ahb_frequency
                0x20000004        0x4 third_party/libopencm3/lib/libopencm3_stm32f1.a(rcc.o)
                0x20000004                rcc_ahb_frequency
 .data.rcc_apb2_frequency
                0x20000008        0x4 third_party/libopencm3/lib/libopencm3_stm32f1.a(rcc.o)
                0x20000008                rcc_apb2_frequency
 .data.rcc_apb1_frequency
                0x2000000c        0x4 third_party/libopencm3/lib/libopencm3_stm32f1.a(rcc.o)
                0x2000000c                rcc_apb1_frequency
 .data          0x20000010       0x50 /usr/lib/gcc/arm-none-eabi/13.2.1/../../../arm-none-eabi/lib/thumb/v7-m/nofp/libc_nano.a(libc_a-impure.o)
                0x20000010                _impure_ptr
                0x20000014                _impure_data
                0x20000060                        . = ALIGN (0x4)
                0x20000060                        _edata = .

.igot.plt       0x20000060        0x0 load address 0x08005448
 .igot.plt      0x20000060        0x0 bin/main.o

.bss            0x20000060     0x2980 load address 0x08005448
                0x20000060                        _bss = .
 *(.bss*)
 .bss.g_uart_rx_isr_queue
                0x20000060        0x4 bin/app/tasks.o
 .bss.g_parser_input_queue
                0x20000064        0x4 bin/app/tasks.o
 .bss.g_app_queue
                0x20000068        0x4 bin/app/tasks.o
 .bss.g_uart_tx_queue
                0x2000006c        0x4 bin/app/tasks.o
 .bss.g_actuator_queue
                0x20000070        0x4 bin/app/tasks.o
 .bss.g_parser_byte_count
                0x20000074        0x4 bin/app/tasks.o
 .bss.g_parser_message_count
                0x20000078        0x4 bin/app/tasks.o
 .bss.g_parser_error_count
                0x2000007c        0x4 bin/app/tasks.o
 .bss.g_uart_rx_queue
                0x20000080        0x4 bin/drivers/uart_comm.o
 .bss.g_uart_rx_irq_count
                0x20000084        0x4 bin/drivers/uart_comm.o
 .bss.g_uart_rx_drop_count
                0x20000088        0x4 bin/drivers/uart_comm.o
 .bss.g_rx_count
                0x2000008c        0x4 bin/app/app.o
 .bss.g_error_count
                0x20000090        0x4 bin/app/app.o
 .bss.pxCurrentTCB
                0x20000094        0x4 bin/freertos/tasks.o
                0x20000094                pxCurrentTCB
 .bss.pxReadyTasksLists
                0x20000098       0x78 bin/freertos/tasks.o
 .bss.xDelayedTaskList1
                0x20000110       0x14 bin/freertos/tasks.o
 .bss.xDelayedTaskList2
                0x20000124       0x14 bin/freertos/tasks.o
 .bss.pxDelayedTaskList
                0x20000138        0x4 bin/freertos/tasks.o
 .bss.pxOverflowDelayedTaskList
                0x2000013c        0x4 bin/freertos/tasks.o
 .bss.xPendingReadyList
                0x20000140       0x14 bin/freertos/tasks.o
 .bss.xTasksWaitingTermination
                0x20000154       0x14 bin/freertos/tasks.o
 .bss.uxDeletedTasksWaitingCleanUp
                0x20000168        0x4 bin/freertos/tasks.o
 .bss.xSuspendedTaskList
                0x2000016c       0x14 bin/freertos/tasks.o
 .bss.uxCurrentNumberOfTasks
                0x20000180        0x4 bin/freertos/tasks.o
 .bss.xTickCount
                0x20000184        0x4 bin/freertos/tasks.o
 .bss.uxTopReadyPriority
                0x20000188        0x4 bin/freertos/tasks.o
 .bss.xSchedulerRunning
                0x2000018c        0x4 bin/freertos/tasks.o
 .bss.xPendedTicks
                0x20000190        0x4 bin/freertos/tasks.o
 .bss.xYieldPendings
                0x20000194        0x4 bin/freertos/tasks.o
 .bss.xNumOfOverflows
                0x20000198        0x4 bin/freertos/tasks.o
 .bss.uxTaskNumber
                0x2000019c        0x4 bin/freertos/tasks.o
 .bss.xNextTaskUnblockTime
                0x200001a0        0x4 bin/freertos/tasks.o
 .bss.xIdleTaskHandles
                0x200001a4        0x4 bin/freertos/tasks.o
 .bss.uxSchedulerSuspended
                0x200001a8        0x4 bin/freertos/tasks.o
 .bss.ucMaxSysCallPriority
                0x200001ac        0x1 bin/freertos/portable/GCC/ARM_CM3/port.o
 *fill*         0x200001ad        0x3 
 .bss.ulMaxPRIGROUPValue
                0x200001b0        0x4 bin/freertos/portable/GCC/ARM_CM3/port.o
 .bss.ucHeap    0x200001b4     0x2800 bin/freertos/heap_4.o
 .bss.xStart    0x200029b4        0x8 bin/freertos/heap_4.o
 .bss.pxEnd     0x200029bc        0x4 bin/freertos/heap_4.o
 .bss.xFreeBytesRemaining
                0x200029c0        0x4 bin/freertos/heap_4.o
 .bss.xMinimumEverFreeBytesRemaining
                0x200029c4        0x4 bin/freertos/heap_4.o
 .bss.xNumberOfSuccessfulAllocations
                0x200029c8        0x4 bin/freertos/heap_4.o
 .bss.xNumberOfSuccessfulFrees
                0x200029cc        0x4 bin/freertos/heap_4.o
 .bss           0x200029d0        0x8 /usr/lib/gcc/arm-none-eabi/13.2.1/../../../arm-none-eabi/lib/thumb/v7-m/nofp/libc_nano.a(libc_a-mallocr.o)
                0x200029d0                __malloc_sbrk_start
                0x200029d4                __malloc_free_list
 .bss           0x200029d8        0x4 /usr/lib/gcc/arm-none-eabi/13.2.1/../../../arm-none-eabi/lib/thumb/v7-m/nofp/libc_nano.a(libc_a-reent.o)
                0x200029d8                errno
 .bss           0x200029dc        0x4 /usr/lib/gcc/arm-none-eabi/13.2.1/../../../arm-none-eabi/lib/thumb/v7-m/nofp/libnosys.a(sbrk.o)
 *(COMMON)
                0x200029e0                        . = ALIGN (0x4)
                0x200029e0                        _ebss = .

.init_array     0x200029e0        0x0
                0x200029e0                        __init_array_start = .
 *(.init_array*)
                0x200029e0                        __init_array_end = .

.fini_array     0x200029e0        0x0
                0x200029e0                        __fini_array_start = .
 *(.fini_array*)
                0x200029e0                        __fini_array_end = .

.preinit_array  0x200029e0        0x0
                0x200029e0                        __preinit_array_start = .
 *(.preinit_array*)
                0x200029e0                        __preinit_array_end = .
                0x080053e5                        _etext = (LOADADDR (.text) + SIZEOF (.text))

/DISCARD/
 *(.ARM.exidx*)
                0x200029e0                        PROVIDE (end = _ebss)
OUTPUT(bin/tp5_borda_rojas.elf elf32-littlearm)
LOAD linker stubs

.debug_info     0x00000000    0x1098c
 .debug_info    0x00000000      0x228 bin/main.o
 .debug_info    0x00000228      0x23b bin/platform/system_init.o
 .debug_info    0x00000463      0x849 bin/app/tasks.o
 .debug_info    0x00000cac      0x580 bin/drivers/uart_comm.o
 .debug_info    0x0000122c      0x676 bin/protocol/protocol.o
 .debug_info    0x000018a2      0x446 bin/protocol/parser.o
 .debug_info    0x00001ce8      0x535 bin/app/app.o
 .debug_info    0x0000221d      0x13b bin/app/sensors.o
 .debug_info    0x00002358      0x361 bin/app/actuators.o
 .debug_info    0x000026b9      0x29a bin/freertos/list.o
 .debug_info    0x00002953     0x168e bin/freertos/queue.o
 .debug_info    0x00003fe1     0x22bc bin/freertos/tasks.o
 .debug_info    0x0000629d      0x503 bin/freertos/portable/GCC/ARM_CM3/port.o
 .debug_info    0x000067a0      0x5bb bin/freertos/heap_4.o
 .debug_info    0x00006d5b      0x1d1 third_party/libopencm3/lib/libopencm3_stm32f1.a(gpio.o)
 .debug_info    0x00006f2c      0x23a third_party/libopencm3/lib/libopencm3_stm32f1.a(gpio_common_all.o)
 .debug_info    0x00007166     0x14b6 third_party/libopencm3/lib/libopencm3_stm32f1.a(rcc.o)
 .debug_info    0x0000861c      0x5e6 third_party/libopencm3/lib/libopencm3_stm32f1.a(rcc_common_all.o)
 .debug_info    0x00008c02      0x649 third_party/libopencm3/lib/libopencm3_stm32f1.a(usart_common_all.o)
 .debug_info    0x0000924b      0x176 third_party/libopencm3/lib/libopencm3_stm32f1.a(usart_common_f124.o)
 .debug_info    0x000093c1      0x2b8 third_party/libopencm3/lib/libopencm3_stm32f1.a(vector.o)
 .debug_info    0x00009679      0x212 third_party/libopencm3/lib/libopencm3_stm32f1.a(nvic.o)
 .debug_info    0x0000988b       0xe5 third_party/libopencm3/lib/libopencm3_stm32f1.a(flash_common_all.o)
 .debug_info    0x00009970       0xbd /usr/lib/gcc/arm-none-eabi/13.2.1/../../../arm-none-eabi/lib/thumb/v7-m/nofp/libc_nano.a(libc_a-strlen-stub.o)
 .debug_info    0x00009a2d      0x135 /usr/lib/gcc/arm-none-eabi/13.2.1/../../../arm-none-eabi/lib/thumb/v7-m/nofp/libc_nano.a(libc_a-memset.o)
 .debug_info    0x00009b62       0x33 /usr/lib/gcc/arm-none-eabi/13.2.1/../../../arm-none-eabi/lib/thumb/v7-m/nofp/libc_nano.a(libc_a-memcpy.o)
 .debug_info    0x00009b95      0x14a /usr/lib/gcc/arm-none-eabi/13.2.1/../../../arm-none-eabi/lib/thumb/v7-m/nofp/libc_nano.a(libc_a-strncpy.o)
 .debug_info    0x00009cdf      0x108 /usr/lib/gcc/arm-none-eabi/13.2.1/../../../arm-none-eabi/lib/thumb/v7-m/nofp/libc_nano.a(libc_a-strncmp.o)
 .debug_info    0x00009de7       0x33 /usr/lib/gcc/arm-none-eabi/13.2.1/../../../arm-none-eabi/lib/thumb/v7-m/nofp/libc_nano.a(libc_a-strcmp.o)
 .debug_info    0x00009e1a      0x8ff /usr/lib/gcc/arm-none-eabi/13.2.1/../../../arm-none-eabi/lib/thumb/v7-m/nofp/libc_nano.a(libc_a-snprintf.o)
 .debug_info    0x0000a719      0x70b /usr/lib/gcc/arm-none-eabi/13.2.1/../../../arm-none-eabi/lib/thumb/v7-m/nofp/libc_nano.a(libc_a-impure.o)
 .debug_info    0x0000ae24     0x1094 /usr/lib/gcc/arm-none-eabi/13.2.1/../../../arm-none-eabi/lib/thumb/v7-m/nofp/libc_nano.a(libc_a-nano-svfprintf.o)
 .debug_info    0x0000beb8      0x9b6 /usr/lib/gcc/arm-none-eabi/13.2.1/../../../arm-none-eabi/lib/thumb/v7-m/nofp/libc_nano.a(libc_a-mallocr.o)
 .debug_info    0x0000c86e      0x87f /usr/lib/gcc/arm-none-eabi/13.2.1/../../../arm-none-eabi/lib/thumb/v7-m/nofp/libc_nano.a(libc_a-freer.o)
 .debug_info    0x0000d0ed      0x148 /usr/lib/gcc/arm-none-eabi/13.2.1/../../../arm-none-eabi/lib/thumb/v7-m/nofp/libc_nano.a(libc_a-memmove.o)
 .debug_info    0x0000d235      0x8cd /usr/lib/gcc/arm-none-eabi/13.2.1/../../../arm-none-eabi/lib/thumb/v7-m/nofp/libc_nano.a(libc_a-reallocr.o)
 .debug_info    0x0000db02      0xdd7 /usr/lib/gcc/arm-none-eabi/13.2.1/../../../arm-none-eabi/lib/thumb/v7-m/nofp/libc_nano.a(libc_a-nano-vfprintf_i.o)
 .debug_info    0x0000e8d9      0x71c /usr/lib/gcc/arm-none-eabi/13.2.1/../../../arm-none-eabi/lib/thumb/v7-m/nofp/libc_nano.a(libc_a-mlock.o)
 .debug_info    0x0000eff5      0x14a /usr/lib/gcc/arm-none-eabi/13.2.1/../../../arm-none-eabi/lib/thumb/v7-m/nofp/libc_nano.a(libc_a-memchr-stub.o)
 .debug_info    0x0000f13f      0x778 /usr/lib/gcc/arm-none-eabi/13.2.1/../../../arm-none-eabi/lib/thumb/v7-m/nofp/libc_nano.a(libc_a-sbrkr.o)
 .debug_info    0x0000f8b7      0x78a /usr/lib/gcc/arm-none-eabi/13.2.1/../../../arm-none-eabi/lib/thumb/v7-m/nofp/libc_nano.a(libc_a-msizer.o)
 .debug_info    0x00010041      0x89f /usr/lib/gcc/arm-none-eabi/13.2.1/../../../arm-none-eabi/lib/thumb/v7-m/nofp/libc_nano.a(libc_a-reent.o)
 .debug_info    0x000108e0       0xac /usr/lib/gcc/arm-none-eabi/13.2.1/../../../arm-none-eabi/lib/thumb/v7-m/nofp/libnosys.a(sbrk.o)

.debug_abbrev   0x00000000     0x3f4f
 .debug_abbrev  0x00000000       0xfb bin/main.o
 .debug_abbrev  0x000000fb       0x7d bin/platform/system_init.o
 .debug_abbrev  0x00000178      0x1fa bin/app/tasks.o
 .debug_abbrev  0x00000372      0x18b bin/drivers/uart_comm.o
 .debug_abbrev  0x000004fd      0x1eb bin/protocol/protocol.o
 .debug_abbrev  0x000006e8      0x1a0 bin/protocol/parser.o
 .debug_abbrev  0x00000888      0x1bc bin/app/app.o
 .debug_abbrev  0x00000a44       0xc8 bin/app/sensors.o
 .debug_abbrev  0x00000b0c      0x12a bin/app/actuators.o
 .debug_abbrev  0x00000c36       0xec bin/freertos/list.o
 .debug_abbrev  0x00000d22      0x320 bin/freertos/queue.o
 .debug_abbrev  0x00001042      0x379 bin/freertos/tasks.o
 .debug_abbrev  0x000013bb      0x253 bin/freertos/portable/GCC/ARM_CM3/port.o
 .debug_abbrev  0x0000160e      0x258 bin/freertos/heap_4.o
 .debug_abbrev  0x00001866       0xd3 third_party/libopencm3/lib/libopencm3_stm32f1.a(gpio.o)
 .debug_abbrev  0x00001939      0x117 third_party/libopencm3/lib/libopencm3_stm32f1.a(gpio_common_all.o)
 .debug_abbrev  0x00001a50      0x2bf third_party/libopencm3/lib/libopencm3_stm32f1.a(rcc.o)
 .debug_abbrev  0x00001d0f      0x186 third_party/libopencm3/lib/libopencm3_stm32f1.a(rcc_common_all.o)
 .debug_abbrev  0x00001e95      0x1ab third_party/libopencm3/lib/libopencm3_stm32f1.a(usart_common_all.o)
 .debug_abbrev  0x00002040       0xb8 third_party/libopencm3/lib/libopencm3_stm32f1.a(usart_common_f124.o)
 .debug_abbrev  0x000020f8      0x149 third_party/libopencm3/lib/libopencm3_stm32f1.a(vector.o)
 .debug_abbrev  0x00002241       0xb7 third_party/libopencm3/lib/libopencm3_stm32f1.a(nvic.o)
 .debug_abbrev  0x000022f8       0x96 third_party/libopencm3/lib/libopencm3_stm32f1.a(flash_common_all.o)
 .debug_abbrev  0x0000238e       0x78 /usr/lib/gcc/arm-none-eabi/13.2.1/../../../arm-none-eabi/lib/thumb/v7-m/nofp/libc_nano.a(libc_a-strlen-stub.o)
 .debug_abbrev  0x00002406       0xb7 /usr/lib/gcc/arm-none-eabi/13.2.1/../../../arm-none-eabi/lib/thumb/v7-m/nofp/libc_nano.a(libc_a-memset.o)
 .debug_abbrev  0x000024bd       0x28 /usr/lib/gcc/arm-none-eabi/13.2.1/../../../arm-none-eabi/lib/thumb/v7-m/nofp/libc_nano.a(libc_a-memcpy.o)
 .debug_abbrev  0x000024e5       0xbe /usr/lib/gcc/arm-none-eabi/13.2.1/../../../arm-none-eabi/lib/thumb/v7-m/nofp/libc_nano.a(libc_a-strncpy.o)
 .debug_abbrev  0x000025a3       0x92 /usr/lib/gcc/arm-none-eabi/13.2.1/../../../arm-none-eabi/lib/thumb/v7-m/nofp/libc_nano.a(libc_a-strncmp.o)
 .debug_abbrev  0x00002635       0x28 /usr/lib/gcc/arm-none-eabi/13.2.1/../../../arm-none-eabi/lib/thumb/v7-m/nofp/libc_nano.a(libc_a-strcmp.o)
 .debug_abbrev  0x0000265d      0x23c /usr/lib/gcc/arm-none-eabi/13.2.1/../../../arm-none-eabi/lib/thumb/v7-m/nofp/libc_nano.a(libc_a-snprintf.o)
 .debug_abbrev  0x00002899      0x149 /usr/lib/gcc/arm-none-eabi/13.2.1/../../../arm-none-eabi/lib/thumb/v7-m/nofp/libc_nano.a(libc_a-impure.o)
 .debug_abbrev  0x000029e2      0x32f /usr/lib/gcc/arm-none-eabi/13.2.1/../../../arm-none-eabi/lib/thumb/v7-m/nofp/libc_nano.a(libc_a-nano-svfprintf.o)
 .debug_abbrev  0x00002d11      0x24a /usr/lib/gcc/arm-none-eabi/13.2.1/../../../arm-none-eabi/lib/thumb/v7-m/nofp/libc_nano.a(libc_a-mallocr.o)
 .debug_abbrev  0x00002f5b      0x249 /usr/lib/gcc/arm-none-eabi/13.2.1/../../../arm-none-eabi/lib/thumb/v7-m/nofp/libc_nano.a(libc_a-freer.o)
 .debug_abbrev  0x000031a4       0xc3 /usr/lib/gcc/arm-none-eabi/13.2.1/../../../arm-none-eabi/lib/thumb/v7-m/nofp/libc_nano.a(libc_a-memmove.o)
 .debug_abbrev  0x00003267      0x20c /usr/lib/gcc/arm-none-eabi/13.2.1/../../../arm-none-eabi/lib/thumb/v7-m/nofp/libc_nano.a(libc_a-reallocr.o)
 .debug_abbrev  0x00003473      0x284 /usr/lib/gcc/arm-none-eabi/13.2.1/../../../arm-none-eabi/lib/thumb/v7-m/nofp/libc_nano.a(libc_a-nano-vfprintf_i.o)
 .debug_abbrev  0x000036f7      0x192 /usr/lib/gcc/arm-none-eabi/13.2.1/../../../arm-none-eabi/lib/thumb/v7-m/nofp/libc_nano.a(libc_a-mlock.o)
 .debug_abbrev  0x00003889       0xc7 /usr/lib/gcc/arm-none-eabi/13.2.1/../../../arm-none-eabi/lib/thumb/v7-m/nofp/libc_nano.a(libc_a-memchr-stub.o)
 .debug_abbrev  0x00003950      0x1da /usr/lib/gcc/arm-none-eabi/13.2.1/../../../arm-none-eabi/lib/thumb/v7-m/nofp/libc_nano.a(libc_a-sbrkr.o)
 .debug_abbrev  0x00003b2a      0x196 /usr/lib/gcc/arm-none-eabi/13.2.1/../../../arm-none-eabi/lib/thumb/v7-m/nofp/libc_nano.a(libc_a-msizer.o)
 .debug_abbrev  0x00003cc0      0x1ee /usr/lib/gcc/arm-none-eabi/13.2.1/../../../arm-none-eabi/lib/thumb/v7-m/nofp/libc_nano.a(libc_a-reent.o)
 .debug_abbrev  0x00003eae       0xa1 /usr/lib/gcc/arm-none-eabi/13.2.1/../../../arm-none-eabi/lib/thumb/v7-m/nofp/libnosys.a(sbrk.o)

.debug_aranges  0x00000000      0xd60
 .debug_aranges
                0x00000000       0x20 bin/main.o
 .debug_aranges
                0x00000020       0x20 bin/platform/system_init.o
 .debug_aranges
                0x00000040       0x68 bin/app/tasks.o
 .debug_aranges
                0x000000a8       0x48 bin/drivers/uart_comm.o
 .debug_aranges
                0x000000f0       0x80 bin/protocol/protocol.o
 .debug_aranges
                0x00000170       0x50 bin/protocol/parser.o
 .debug_aranges
                0x000001c0       0x50 bin/app/app.o
 .debug_aranges
                0x00000210       0x28 bin/app/sensors.o
 .debug_aranges
                0x00000238       0x28 bin/app/actuators.o
 .debug_aranges
                0x00000260       0x40 bin/freertos/list.o
 .debug_aranges
                0x000002a0      0x110 bin/freertos/queue.o
 .debug_aranges
                0x000003b0      0x1e8 bin/freertos/tasks.o
 .debug_aranges
                0x00000598       0x78 bin/freertos/portable/GCC/ARM_CM3/port.o
 .debug_aranges
                0x00000610       0x68 bin/freertos/heap_4.o
 .debug_aranges
                0x00000678       0x38 third_party/libopencm3/lib/libopencm3_stm32f1.a(gpio.o)
 .debug_aranges
                0x000006b0       0x50 third_party/libopencm3/lib/libopencm3_stm32f1.a(gpio_common_all.o)
 .debug_aranges
                0x00000700      0x170 third_party/libopencm3/lib/libopencm3_stm32f1.a(rcc.o)
 .debug_aranges
                0x00000870       0x80 third_party/libopencm3/lib/libopencm3_stm32f1.a(rcc_common_all.o)
 .debug_aranges
                0x000008f0       0xf0 third_party/libopencm3/lib/libopencm3_stm32f1.a(usart_common_all.o)
 .debug_aranges
                0x000009e0       0x40 third_party/libopencm3/lib/libopencm3_stm32f1.a(usart_common_f124.o)
 .debug_aranges
                0x00000a20       0x30 third_party/libopencm3/lib/libopencm3_stm32f1.a(vector.o)
 .debug_aranges
                0x00000a50       0x60 third_party/libopencm3/lib/libopencm3_stm32f1.a(nvic.o)
 .debug_aranges
                0x00000ab0       0x38 third_party/libopencm3/lib/libopencm3_stm32f1.a(flash_common_all.o)
 .debug_aranges
                0x00000ae8       0x20 /usr/lib/gcc/arm-none-eabi/13.2.1/../../../arm-none-eabi/lib/thumb/v7-m/nofp/libc_nano.a(libc_a-strlen-stub.o)
 .debug_aranges
                0x00000b08       0x20 /usr/lib/gcc/arm-none-eabi/13.2.1/../../../arm-none-eabi/lib/thumb/v7-m/nofp/libc_nano.a(libc_a-memset.o)
 .debug_aranges
                0x00000b28       0x20 /usr/lib/gcc/arm-none-eabi/13.2.1/../../../arm-none-eabi/lib/thumb/v7-m/nofp/libc_nano.a(libc_a-memcpy.o)
 .debug_aranges
                0x00000b48       0x20 /usr/lib/gcc/arm-none-eabi/13.2.1/../../../arm-none-eabi/lib/thumb/v7-m/nofp/libc_nano.a(libc_a-strncpy.o)
 .debug_aranges
                0x00000b68       0x20 /usr/lib/gcc/arm-none-eabi/13.2.1/../../../arm-none-eabi/lib/thumb/v7-m/nofp/libc_nano.a(libc_a-strncmp.o)
 .debug_aranges
                0x00000b88       0x20 /usr/lib/gcc/arm-none-eabi/13.2.1/../../../arm-none-eabi/lib/thumb/v7-m/nofp/libc_nano.a(libc_a-strcmp.o)
 .debug_aranges
                0x00000ba8       0x20 /usr/lib/gcc/arm-none-eabi/13.2.1/../../../arm-none-eabi/lib/thumb/v7-m/nofp/libc_nano.a(libc_a-snprintf.o)
 .debug_aranges
                0x00000bc8       0x18 /usr/lib/gcc/arm-none-eabi/13.2.1/../../../arm-none-eabi/lib/thumb/v7-m/nofp/libc_nano.a(libc_a-impure.o)
 .debug_aranges
                0x00000be0       0x20 /usr/lib/gcc/arm-none-eabi/13.2.1/../../../arm-none-eabi/lib/thumb/v7-m/nofp/libc_nano.a(libc_a-nano-svfprintf.o)
 .debug_aranges
                0x00000c00       0x20 /usr/lib/gcc/arm-none-eabi/13.2.1/../../../arm-none-eabi/lib/thumb/v7-m/nofp/libc_nano.a(libc_a-mallocr.o)
 .debug_aranges
                0x00000c20       0x20 /usr/lib/gcc/arm-none-eabi/13.2.1/../../../arm-none-eabi/lib/thumb/v7-m/nofp/libc_nano.a(libc_a-freer.o)
 .debug_aranges
                0x00000c40       0x20 /usr/lib/gcc/arm-none-eabi/13.2.1/../../../arm-none-eabi/lib/thumb/v7-m/nofp/libc_nano.a(libc_a-memmove.o)
 .debug_aranges
                0x00000c60       0x20 /usr/lib/gcc/arm-none-eabi/13.2.1/../../../arm-none-eabi/lib/thumb/v7-m/nofp/libc_nano.a(libc_a-reallocr.o)
 .debug_aranges
                0x00000c80       0x20 /usr/lib/gcc/arm-none-eabi/13.2.1/../../../arm-none-eabi/lib/thumb/v7-m/nofp/libc_nano.a(libc_a-nano-vfprintf_i.o)
 .debug_aranges
                0x00000ca0       0x20 /usr/lib/gcc/arm-none-eabi/13.2.1/../../../arm-none-eabi/lib/thumb/v7-m/nofp/libc_nano.a(libc_a-mlock.o)
 .debug_aranges
                0x00000cc0       0x20 /usr/lib/gcc/arm-none-eabi/13.2.1/../../../arm-none-eabi/lib/thumb/v7-m/nofp/libc_nano.a(libc_a-memchr-stub.o)
 .debug_aranges
                0x00000ce0       0x20 /usr/lib/gcc/arm-none-eabi/13.2.1/../../../arm-none-eabi/lib/thumb/v7-m/nofp/libc_nano.a(libc_a-sbrkr.o)
 .debug_aranges
                0x00000d00       0x20 /usr/lib/gcc/arm-none-eabi/13.2.1/../../../arm-none-eabi/lib/thumb/v7-m/nofp/libc_nano.a(libc_a-msizer.o)
 .debug_aranges
                0x00000d20       0x20 /usr/lib/gcc/arm-none-eabi/13.2.1/../../../arm-none-eabi/lib/thumb/v7-m/nofp/libc_nano.a(libc_a-reent.o)
 .debug_aranges
                0x00000d40       0x20 /usr/lib/gcc/arm-none-eabi/13.2.1/../../../arm-none-eabi/lib/thumb/v7-m/nofp/libnosys.a(sbrk.o)

.debug_rnglists
                0x00000000      0x948
 .debug_rnglists
                0x00000000       0x13 bin/main.o
 .debug_rnglists
                0x00000013       0x13 bin/platform/system_init.o
 .debug_rnglists
                0x00000026       0x4c bin/app/tasks.o
 .debug_rnglists
                0x00000072       0x33 bin/drivers/uart_comm.o
 .debug_rnglists
                0x000000a5       0x61 bin/protocol/protocol.o
 .debug_rnglists
                0x00000106       0x38 bin/protocol/parser.o
 .debug_rnglists
                0x0000013e       0x39 bin/app/app.o
 .debug_rnglists
                0x00000177       0x19 bin/app/sensors.o
 .debug_rnglists
                0x00000190       0x1a bin/app/actuators.o
 .debug_rnglists
                0x000001aa       0x2b bin/freertos/list.o
 .debug_rnglists
                0x000001d5       0xd4 bin/freertos/queue.o
 .debug_rnglists
                0x000002a9      0x194 bin/freertos/tasks.o
 .debug_rnglists
                0x0000043d       0x57 bin/freertos/portable/GCC/ARM_CM3/port.o
 .debug_rnglists
                0x00000494       0x4e bin/freertos/heap_4.o
 .debug_rnglists
                0x000004e2       0x25 third_party/libopencm3/lib/libopencm3_stm32f1.a(gpio.o)
 .debug_rnglists
                0x00000507       0x37 third_party/libopencm3/lib/libopencm3_stm32f1.a(gpio_common_all.o)
 .debug_rnglists
                0x0000053e      0x160 third_party/libopencm3/lib/libopencm3_stm32f1.a(rcc.o)
 .debug_rnglists
                0x0000069e       0x5b third_party/libopencm3/lib/libopencm3_stm32f1.a(rcc_common_all.o)
 .debug_rnglists
                0x000006f9       0xaf third_party/libopencm3/lib/libopencm3_stm32f1.a(usart_common_all.o)
 .debug_rnglists
                0x000007a8       0x2b third_party/libopencm3/lib/libopencm3_stm32f1.a(usart_common_f124.o)
 .debug_rnglists
                0x000007d3       0x20 third_party/libopencm3/lib/libopencm3_stm32f1.a(vector.o)
 .debug_rnglists
                0x000007f3       0x43 third_party/libopencm3/lib/libopencm3_stm32f1.a(nvic.o)
 .debug_rnglists
                0x00000836       0x25 third_party/libopencm3/lib/libopencm3_stm32f1.a(flash_common_all.o)
 .debug_rnglists
                0x0000085b       0x13 /usr/lib/gcc/arm-none-eabi/13.2.1/../../../arm-none-eabi/lib/thumb/v7-m/nofp/libc_nano.a(libc_a-strlen-stub.o)
 .debug_rnglists
                0x0000086e       0x42 /usr/lib/gcc/arm-none-eabi/13.2.1/../../../arm-none-eabi/lib/thumb/v7-m/nofp/libc_nano.a(libc_a-nano-svfprintf.o)
 .debug_rnglists
                0x000008b0       0x1f /usr/lib/gcc/arm-none-eabi/13.2.1/../../../arm-none-eabi/lib/thumb/v7-m/nofp/libc_nano.a(libc_a-mallocr.o)
 .debug_rnglists
                0x000008cf       0x13 /usr/lib/gcc/arm-none-eabi/13.2.1/../../../arm-none-eabi/lib/thumb/v7-m/nofp/libc_nano.a(libc_a-freer.o)
 .debug_rnglists
                0x000008e2       0x66 /usr/lib/gcc/arm-none-eabi/13.2.1/../../../arm-none-eabi/lib/thumb/v7-m/nofp/libc_nano.a(libc_a-nano-vfprintf_i.o)

.debug_line     0x00000000     0x9c5f
 .debug_line    0x00000000      0x119 bin/main.o
 .debug_line    0x00000119       0xd3 bin/platform/system_init.o
 .debug_line    0x000001ec      0x368 bin/app/tasks.o
 .debug_line    0x00000554      0x2e3 bin/drivers/uart_comm.o
 .debug_line    0x00000837      0x5a3 bin/protocol/protocol.o
 .debug_line    0x00000dda      0x31f bin/protocol/parser.o
 .debug_line    0x000010f9      0x305 bin/app/app.o
 .debug_line    0x000013fe       0xec bin/app/sensors.o
 .debug_line    0x000014ea      0x1aa bin/app/actuators.o
 .debug_line    0x00001694      0x20d bin/freertos/list.o
 .debug_line    0x000018a1      0xfd3 bin/freertos/queue.o
 .debug_line    0x00002874     0x16cb bin/freertos/tasks.o
 .debug_line    0x00003f3f      0x3eb bin/freertos/portable/GCC/ARM_CM3/port.o
 .debug_line    0x0000432a      0x583 bin/freertos/heap_4.o
 .debug_line    0x000048ad      0x293 third_party/libopencm3/lib/libopencm3_stm32f1.a(gpio.o)
 .debug_line    0x00004b40      0x27b third_party/libopencm3/lib/libopencm3_stm32f1.a(gpio_common_all.o)
 .debug_line    0x00004dbb      0xc28 third_party/libopencm3/lib/libopencm3_stm32f1.a(rcc.o)
 .debug_line    0x000059e3      0x322 third_party/libopencm3/lib/libopencm3_stm32f1.a(rcc_common_all.o)
 .debug_line    0x00005d05      0x545 third_party/libopencm3/lib/libopencm3_stm32f1.a(usart_common_all.o)
 .debug_line    0x0000624a      0x262 third_party/libopencm3/lib/libopencm3_stm32f1.a(usart_common_f124.o)
 .debug_line    0x000064ac      0x2ad third_party/libopencm3/lib/libopencm3_stm32f1.a(vector.o)
 .debug_line    0x00006759      0x2a3 third_party/libopencm3/lib/libopencm3_stm32f1.a(nvic.o)
 .debug_line    0x000069fc      0x22c third_party/libopencm3/lib/libopencm3_stm32f1.a(flash_common_all.o)
 .debug_line    0x00006c28       0xf4 /usr/lib/gcc/arm-none-eabi/13.2.1/../../../arm-none-eabi/lib/thumb/v7-m/nofp/libc_nano.a(libc_a-strlen-stub.o)
 .debug_line    0x00006d1c      0x1b1 /usr/lib/gcc/arm-none-eabi/13.2.1/../../../arm-none-eabi/lib/thumb/v7-m/nofp/libc_nano.a(libc_a-memset.o)
 .debug_line    0x00006ecd       0xbd /usr/lib/gcc/arm-none-eabi/13.2.1/../../../arm-none-eabi/lib/thumb/v7-m/nofp/libc_nano.a(libc_a-memcpy.o)
 .debug_line    0x00006f8a      0x184 /usr/lib/gcc/arm-none-eabi/13.2.1/../../../arm-none-eabi/lib/thumb/v7-m/nofp/libc_nano.a(libc_a-strncpy.o)
 .debug_line    0x0000710e      0x1ea /usr/lib/gcc/arm-none-eabi/13.2.1/../../../arm-none-eabi/lib/thumb/v7-m/nofp/libc_nano.a(libc_a-strncmp.o)
 .debug_line    0x000072f8       0xdd /usr/lib/gcc/arm-none-eabi/13.2.1/../../../arm-none-eabi/lib/thumb/v7-m/nofp/libc_nano.a(libc_a-strcmp.o)
 .debug_line    0x000073d5      0x356 /usr/lib/gcc/arm-none-eabi/13.2.1/../../../arm-none-eabi/lib/thumb/v7-m/nofp/libc_nano.a(libc_a-snprintf.o)
 .debug_line    0x0000772b       0xe7 /usr/lib/gcc/arm-none-eabi/13.2.1/../../../arm-none-eabi/lib/thumb/v7-m/nofp/libc_nano.a(libc_a-impure.o)
 .debug_line    0x00007812      0x862 /usr/lib/gcc/arm-none-eabi/13.2.1/../../../arm-none-eabi/lib/thumb/v7-m/nofp/libc_nano.a(libc_a-nano-svfprintf.o)
 .debug_line    0x00008074      0x45c /usr/lib/gcc/arm-none-eabi/13.2.1/../../../arm-none-eabi/lib/thumb/v7-m/nofp/libc_nano.a(libc_a-mallocr.o)
 .debug_line    0x000084d0      0x2c8 /usr/lib/gcc/arm-none-eabi/13.2.1/../../../arm-none-eabi/lib/thumb/v7-m/nofp/libc_nano.a(libc_a-freer.o)
 .debug_line    0x00008798      0x20d /usr/lib/gcc/arm-none-eabi/13.2.1/../../../arm-none-eabi/lib/thumb/v7-m/nofp/libc_nano.a(libc_a-memmove.o)
 .debug_line    0x000089a5      0x1fa /usr/lib/gcc/arm-none-eabi/13.2.1/../../../arm-none-eabi/lib/thumb/v7-m/nofp/libc_nano.a(libc_a-reallocr.o)
 .debug_line    0x00008b9f      0x770 /usr/lib/gcc/arm-none-eabi/13.2.1/../../../arm-none-eabi/lib/thumb/v7-m/nofp/libc_nano.a(libc_a-nano-vfprintf_i.o)
 .debug_line    0x0000930f      0x153 /usr/lib/gcc/arm-none-eabi/13.2.1/../../../arm-none-eabi/lib/thumb/v7-m/nofp/libc_nano.a(libc_a-mlock.o)
 .debug_line    0x00009462      0x200 /usr/lib/gcc/arm-none-eabi/13.2.1/../../../arm-none-eabi/lib/thumb/v7-m/nofp/libc_nano.a(libc_a-memchr-stub.o)
 .debug_line    0x00009662      0x196 /usr/lib/gcc/arm-none-eabi/13.2.1/../../../arm-none-eabi/lib/thumb/v7-m/nofp/libc_nano.a(libc_a-sbrkr.o)
 .debug_line    0x000097f8      0x176 /usr/lib/gcc/arm-none-eabi/13.2.1/../../../arm-none-eabi/lib/thumb/v7-m/nofp/libc_nano.a(libc_a-msizer.o)
 .debug_line    0x0000996e      0x27b /usr/lib/gcc/arm-none-eabi/13.2.1/../../../arm-none-eabi/lib/thumb/v7-m/nofp/libc_nano.a(libc_a-reent.o)
 .debug_line    0x00009be9       0x76 /usr/lib/gcc/arm-none-eabi/13.2.1/../../../arm-none-eabi/lib/thumb/v7-m/nofp/libnosys.a(sbrk.o)

.debug_str      0x00000000    0x12439
 .debug_str     0x00000000    0x12439 bin/main.o
                                0x318 (size before relaxing)
 .debug_str     0x00012439      0x3af bin/platform/system_init.o
 .debug_str     0x00012439      0x773 bin/app/tasks.o
 .debug_str     0x00012439      0x6e2 bin/drivers/uart_comm.o
 .debug_str     0x00012439      0x46f bin/protocol/protocol.o
 .debug_str     0x00012439      0x4e1 bin/protocol/parser.o
 .debug_str     0x00012439      0x4a1 bin/app/app.o
 .debug_str     0x00012439      0x1d4 bin/app/sensors.o
 .debug_str     0x00012439      0x446 bin/app/actuators.o
 .debug_str     0x00012439      0x2b4 bin/freertos/list.o
 .debug_str     0x00012439      0xa80 bin/freertos/queue.o
 .debug_str     0x00012439     0x1037 bin/freertos/tasks.o
 .debug_str     0x00012439      0x42f bin/freertos/portable/GCC/ARM_CM3/port.o
 .debug_str     0x00012439      0x4ed bin/freertos/heap_4.o
 .debug_str     0x00012439     0x82e6 third_party/libopencm3/lib/libopencm3_stm32f1.a(gpio.o)
 .debug_str     0x00012439     0x82e4 third_party/libopencm3/lib/libopencm3_stm32f1.a(gpio_common_all.o)
 .debug_str     0x00012439     0x7f46 third_party/libopencm3/lib/libopencm3_stm32f1.a(rcc.o)
 .debug_str     0x00012439     0x7649 third_party/libopencm3/lib/libopencm3_stm32f1.a(rcc_common_all.o)
 .debug_str     0x00012439     0x829c third_party/libopencm3/lib/libopencm3_stm32f1.a(usart_common_all.o)
 .debug_str     0x00012439     0x8008 third_party/libopencm3/lib/libopencm3_stm32f1.a(usart_common_f124.o)
 .debug_str     0x00012439     0x6335 third_party/libopencm3/lib/libopencm3_stm32f1.a(vector.o)
 .debug_str     0x00012439     0x5902 third_party/libopencm3/lib/libopencm3_stm32f1.a(nvic.o)
 .debug_str     0x00012439     0x5234 third_party/libopencm3/lib/libopencm3_stm32f1.a(flash_common_all.o)
 .debug_str     0x00012439      0x19b /usr/lib/gcc/arm-none-eabi/13.2.1/../../../arm-none-eabi/lib/thumb/v7-m/nofp/libc_nano.a(libc_a-strlen-stub.o)
 .debug_str     0x00012439      0x1a5 /usr/lib/gcc/arm-none-eabi/13.2.1/../../../arm-none-eabi/lib/thumb/v7-m/nofp/libc_nano.a(libc_a-memset.o)
 .debug_str     0x00012439       0xa8 /usr/lib/gcc/arm-none-eabi/13.2.1/../../../arm-none-eabi/lib/thumb/v7-m/nofp/libc_nano.a(libc_a-memcpy.o)
 .debug_str     0x00012439      0x1bb /usr/lib/gcc/arm-none-eabi/13.2.1/../../../arm-none-eabi/lib/thumb/v7-m/nofp/libc_nano.a(libc_a-strncpy.o)
 .debug_str     0x00012439      0x193 /usr/lib/gcc/arm-none-eabi/13.2.1/../../../arm-none-eabi/lib/thumb/v7-m/nofp/libc_nano.a(libc_a-strncmp.o)
 .debug_str     0x00012439       0xa8 /usr/lib/gcc/arm-none-eabi/13.2.1/../../../arm-none-eabi/lib/thumb/v7-m/nofp/libc_nano.a(libc_a-strcmp.o)
 .debug_str     0x00012439      0x502 /usr/lib/gcc/arm-none-eabi/13.2.1/../../../arm-none-eabi/lib/thumb/v7-m/nofp/libc_nano.a(libc_a-snprintf.o)
 .debug_str     0x00012439      0x4b4 /usr/lib/gcc/arm-none-eabi/13.2.1/../../../arm-none-eabi/lib/thumb/v7-m/nofp/libc_nano.a(libc_a-impure.o)
 .debug_str     0x00012439      0x7fd /usr/lib/gcc/arm-none-eabi/13.2.1/../../../arm-none-eabi/lib/thumb/v7-m/nofp/libc_nano.a(libc_a-nano-svfprintf.o)
 .debug_str     0x00012439      0x595 /usr/lib/gcc/arm-none-eabi/13.2.1/../../../arm-none-eabi/lib/thumb/v7-m/nofp/libc_nano.a(libc_a-mallocr.o)
 .debug_str     0x00012439      0x534 /usr/lib/gcc/arm-none-eabi/13.2.1/../../../arm-none-eabi/lib/thumb/v7-m/nofp/libc_nano.a(libc_a-freer.o)
 .debug_str     0x00012439      0x1c4 /usr/lib/gcc/arm-none-eabi/13.2.1/../../../arm-none-eabi/lib/thumb/v7-m/nofp/libc_nano.a(libc_a-memmove.o)
 .debug_str     0x00012439      0x52a /usr/lib/gcc/arm-none-eabi/13.2.1/../../../arm-none-eabi/lib/thumb/v7-m/nofp/libc_nano.a(libc_a-reallocr.o)
 .debug_str     0x00012439      0x793 /usr/lib/gcc/arm-none-eabi/13.2.1/../../../arm-none-eabi/lib/thumb/v7-m/nofp/libc_nano.a(libc_a-nano-vfprintf_i.o)
 .debug_str     0x00012439      0x4d2 /usr/lib/gcc/arm-none-eabi/13.2.1/../../../arm-none-eabi/lib/thumb/v7-m/nofp/libc_nano.a(libc_a-mlock.o)
 .debug_str     0x00012439      0x1b5 /usr/lib/gcc/arm-none-eabi/13.2.1/../../../arm-none-eabi/lib/thumb/v7-m/nofp/libc_nano.a(libc_a-memchr-stub.o)
 .debug_str     0x00012439      0x4bd /usr/lib/gcc/arm-none-eabi/13.2.1/../../../arm-none-eabi/lib/thumb/v7-m/nofp/libc_nano.a(libc_a-sbrkr.o)
 .debug_str     0x00012439      0x4fd /usr/lib/gcc/arm-none-eabi/13.2.1/../../../arm-none-eabi/lib/thumb/v7-m/nofp/libc_nano.a(libc_a-msizer.o)
 .debug_str     0x00012439      0x4d3 /usr/lib/gcc/arm-none-eabi/13.2.1/../../../arm-none-eabi/lib/thumb/v7-m/nofp/libc_nano.a(libc_a-reent.o)
 .debug_str     0x00012439      0x115 /usr/lib/gcc/arm-none-eabi/13.2.1/../../../arm-none-eabi/lib/thumb/v7-m/nofp/libnosys.a(sbrk.o)

.comment        0x00000000       0x26
 .comment       0x00000000       0x26 bin/main.o
                                 0x27 (size before relaxing)
 .comment       0x00000026       0x27 bin/platform/system_init.o
 .comment       0x00000026       0x27 bin/app/tasks.o
 .comment       0x00000026       0x27 bin/drivers/uart_comm.o
 .comment       0x00000026       0x27 bin/protocol/protocol.o
 .comment       0x00000026       0x27 bin/protocol/parser.o
 .comment       0x00000026       0x27 bin/app/app.o
 .comment       0x00000026       0x27 bin/app/sensors.o
 .comment       0x00000026       0x27 bin/app/actuators.o
 .comment       0x00000026       0x27 bin/freertos/list.o
 .comment       0x00000026       0x27 bin/freertos/queue.o
 .comment       0x00000026       0x27 bin/freertos/tasks.o
 .comment       0x00000026       0x27 bin/freertos/portable/GCC/ARM_CM3/port.o
 .comment       0x00000026       0x27 bin/freertos/heap_4.o
 .comment       0x00000026       0x27 third_party/libopencm3/lib/libopencm3_stm32f1.a(gpio.o)
 .comment       0x00000026       0x27 third_party/libopencm3/lib/libopencm3_stm32f1.a(gpio_common_all.o)
 .comment       0x00000026       0x27 third_party/libopencm3/lib/libopencm3_stm32f1.a(rcc.o)
 .comment       0x00000026       0x27 third_party/libopencm3/lib/libopencm3_stm32f1.a(rcc_common_all.o)
 .comment       0x00000026       0x27 third_party/libopencm3/lib/libopencm3_stm32f1.a(usart_common_all.o)
 .comment       0x00000026       0x27 third_party/libopencm3/lib/libopencm3_stm32f1.a(usart_common_f124.o)
 .comment       0x00000026       0x27 third_party/libopencm3/lib/libopencm3_stm32f1.a(vector.o)
 .comment       0x00000026       0x27 third_party/libopencm3/lib/libopencm3_stm32f1.a(nvic.o)
 .comment       0x00000026       0x27 third_party/libopencm3/lib/libopencm3_stm32f1.a(flash_common_all.o)
 .comment       0x00000026       0x27 /usr/lib/gcc/arm-none-eabi/13.2.1/../../../arm-none-eabi/lib/thumb/v7-m/nofp/libc_nano.a(libc_a-strlen-stub.o)
 .comment       0x00000026       0x27 /usr/lib/gcc/arm-none-eabi/13.2.1/../../../arm-none-eabi/lib/thumb/v7-m/nofp/libc_nano.a(libc_a-memset.o)
 .comment       0x00000026       0x27 /usr/lib/gcc/arm-none-eabi/13.2.1/../../../arm-none-eabi/lib/thumb/v7-m/nofp/libc_nano.a(libc_a-strncpy.o)
 .comment       0x00000026       0x27 /usr/lib/gcc/arm-none-eabi/13.2.1/../../../arm-none-eabi/lib/thumb/v7-m/nofp/libc_nano.a(libc_a-strncmp.o)
 .comment       0x00000026       0x27 /usr/lib/gcc/arm-none-eabi/13.2.1/../../../arm-none-eabi/lib/thumb/v7-m/nofp/libc_nano.a(libc_a-snprintf.o)
 .comment       0x00000026       0x27 /usr/lib/gcc/arm-none-eabi/13.2.1/../../../arm-none-eabi/lib/thumb/v7-m/nofp/libc_nano.a(libc_a-impure.o)
 .comment       0x00000026       0x27 /usr/lib/gcc/arm-none-eabi/13.2.1/../../../arm-none-eabi/lib/thumb/v7-m/nofp/libc_nano.a(libc_a-nano-svfprintf.o)
 .comment       0x00000026       0x27 /usr/lib/gcc/arm-none-eabi/13.2.1/../../../arm-none-eabi/lib/thumb/v7-m/nofp/libc_nano.a(libc_a-mallocr.o)
 .comment       0x00000026       0x27 /usr/lib/gcc/arm-none-eabi/13.2.1/../../../arm-none-eabi/lib/thumb/v7-m/nofp/libc_nano.a(libc_a-freer.o)
 .comment       0x00000026       0x27 /usr/lib/gcc/arm-none-eabi/13.2.1/../../../arm-none-eabi/lib/thumb/v7-m/nofp/libc_nano.a(libc_a-memmove.o)
 .comment       0x00000026       0x27 /usr/lib/gcc/arm-none-eabi/13.2.1/../../../arm-none-eabi/lib/thumb/v7-m/nofp/libc_nano.a(libc_a-reallocr.o)
 .comment       0x00000026       0x27 /usr/lib/gcc/arm-none-eabi/13.2.1/../../../arm-none-eabi/lib/thumb/v7-m/nofp/libc_nano.a(libc_a-nano-vfprintf_i.o)
 .comment       0x00000026       0x27 /usr/lib/gcc/arm-none-eabi/13.2.1/../../../arm-none-eabi/lib/thumb/v7-m/nofp/libc_nano.a(libc_a-mlock.o)
 .comment       0x00000026       0x27 /usr/lib/gcc/arm-none-eabi/13.2.1/../../../arm-none-eabi/lib/thumb/v7-m/nofp/libc_nano.a(libc_a-memchr-stub.o)
 .comment       0x00000026       0x27 /usr/lib/gcc/arm-none-eabi/13.2.1/../../../arm-none-eabi/lib/thumb/v7-m/nofp/libc_nano.a(libc_a-sbrkr.o)
 .comment       0x00000026       0x27 /usr/lib/gcc/arm-none-eabi/13.2.1/../../../arm-none-eabi/lib/thumb/v7-m/nofp/libc_nano.a(libc_a-msizer.o)
 .comment       0x00000026       0x27 /usr/lib/gcc/arm-none-eabi/13.2.1/../../../arm-none-eabi/lib/thumb/v7-m/nofp/libc_nano.a(libc_a-reent.o)
 .comment       0x00000026       0x27 /usr/lib/gcc/arm-none-eabi/13.2.1/../../../arm-none-eabi/lib/thumb/v7-m/nofp/libnosys.a(sbrk.o)

.ARM.attributes
                0x00000000       0x2b
 .ARM.attributes
                0x00000000       0x2d bin/main.o
 .ARM.attributes
                0x0000002d       0x2d bin/platform/system_init.o
 .ARM.attributes
                0x0000005a       0x2d bin/app/tasks.o
 .ARM.attributes
                0x00000087       0x2d bin/drivers/uart_comm.o
 .ARM.attributes
                0x000000b4       0x2d bin/protocol/protocol.o
 .ARM.attributes
                0x000000e1       0x2d bin/protocol/parser.o
 .ARM.attributes
                0x0000010e       0x2d bin/app/app.o
 .ARM.attributes
                0x0000013b       0x2d bin/app/sensors.o
 .ARM.attributes
                0x00000168       0x2d bin/app/actuators.o
 .ARM.attributes
                0x00000195       0x2d bin/freertos/list.o
 .ARM.attributes
                0x000001c2       0x2d bin/freertos/queue.o
 .ARM.attributes
                0x000001ef       0x2d bin/freertos/tasks.o
 .ARM.attributes
                0x0000021c       0x2d bin/freertos/portable/GCC/ARM_CM3/port.o
 .ARM.attributes
                0x00000249       0x2d bin/freertos/heap_4.o
 .ARM.attributes
                0x00000276       0x2d third_party/libopencm3/lib/libopencm3_stm32f1.a(gpio.o)
 .ARM.attributes
                0x000002a3       0x2d third_party/libopencm3/lib/libopencm3_stm32f1.a(gpio_common_all.o)
 .ARM.attributes
                0x000002d0       0x2d third_party/libopencm3/lib/libopencm3_stm32f1.a(rcc.o)
 .ARM.attributes
                0x000002fd       0x2d third_party/libopencm3/lib/libopencm3_stm32f1.a(rcc_common_all.o)
 .ARM.attributes
                0x0000032a       0x2d third_party/libopencm3/lib/libopencm3_stm32f1.a(usart_common_all.o)
 .ARM.attributes
                0x00000357       0x2d third_party/libopencm3/lib/libopencm3_stm32f1.a(usart_common_f124.o)
 .ARM.attributes
                0x00000384       0x2d third_party/libopencm3/lib/libopencm3_stm32f1.a(vector.o)
 .ARM.attributes
                0x000003b1       0x2d third_party/libopencm3/lib/libopencm3_stm32f1.a(nvic.o)
 .ARM.attributes
                0x000003de       0x2d third_party/libopencm3/lib/libopencm3_stm32f1.a(flash_common_all.o)
 .ARM.attributes
                0x0000040b       0x2d /usr/lib/gcc/arm-none-eabi/13.2.1/../../../arm-none-eabi/lib/thumb/v7-m/nofp/libc_nano.a(libc_a-strlen-stub.o)
 .ARM.attributes
                0x00000438       0x2d /usr/lib/gcc/arm-none-eabi/13.2.1/../../../arm-none-eabi/lib/thumb/v7-m/nofp/libc_nano.a(libc_a-memset.o)
 .ARM.attributes
                0x00000465       0x1b /usr/lib/gcc/arm-none-eabi/13.2.1/../../../arm-none-eabi/lib/thumb/v7-m/nofp/libc_nano.a(libc_a-memcpy.o)
 .ARM.attributes
                0x00000480       0x2d /usr/lib/gcc/arm-none-eabi/13.2.1/../../../arm-none-eabi/lib/thumb/v7-m/nofp/libc_nano.a(libc_a-strncpy.o)
 .ARM.attributes
                0x000004ad       0x2d /usr/lib/gcc/arm-none-eabi/13.2.1/../../../arm-none-eabi/lib/thumb/v7-m/nofp/libc_nano.a(libc_a-strncmp.o)
 .ARM.attributes
                0x000004da       0x1b /usr/lib/gcc/arm-none-eabi/13.2.1/../../../arm-none-eabi/lib/thumb/v7-m/nofp/libc_nano.a(libc_a-strcmp.o)
 .ARM.attributes
                0x000004f5       0x2d /usr/lib/gcc/arm-none-eabi/13.2.1/../../../arm-none-eabi/lib/thumb/v7-m/nofp/libc_nano.a(libc_a-snprintf.o)
 .ARM.attributes
                0x00000522       0x2d /usr/lib/gcc/arm-none-eabi/13.2.1/../../../arm-none-eabi/lib/thumb/v7-m/nofp/libc_nano.a(libc_a-impure.o)
 .ARM.attributes
                0x0000054f       0x2d /usr/lib/gcc/arm-none-eabi/13.2.1/../../../arm-none-eabi/lib/thumb/v7-m/nofp/libc_nano.a(libc_a-nano-svfprintf.o)
 .ARM.attributes
                0x0000057c       0x2d /usr/lib/gcc/arm-none-eabi/13.2.1/../../../arm-none-eabi/lib/thumb/v7-m/nofp/libc_nano.a(libc_a-mallocr.o)
 .ARM.attributes
                0x000005a9       0x2d /usr/lib/gcc/arm-none-eabi/13.2.1/../../../arm-none-eabi/lib/thumb/v7-m/nofp/libc_nano.a(libc_a-freer.o)
 .ARM.attributes
                0x000005d6       0x2d /usr/lib/gcc/arm-none-eabi/13.2.1/../../../arm-none-eabi/lib/thumb/v7-m/nofp/libc_nano.a(libc_a-memmove.o)
 .ARM.attributes
                0x00000603       0x2d /usr/lib/gcc/arm-none-eabi/13.2.1/../../../arm-none-eabi/lib/thumb/v7-m/nofp/libc_nano.a(libc_a-reallocr.o)
 .ARM.attributes
                0x00000630       0x2d /usr/lib/gcc/arm-none-eabi/13.2.1/../../../arm-none-eabi/lib/thumb/v7-m/nofp/libc_nano.a(libc_a-nano-vfprintf_i.o)
 .ARM.attributes
                0x0000065d       0x2d /usr/lib/gcc/arm-none-eabi/13.2.1/../../../arm-none-eabi/lib/thumb/v7-m/nofp/libc_nano.a(libc_a-mlock.o)
 .ARM.attributes
                0x0000068a       0x2d /usr/lib/gcc/arm-none-eabi/13.2.1/../../../arm-none-eabi/lib/thumb/v7-m/nofp/libc_nano.a(libc_a-memchr-stub.o)
 .ARM.attributes
                0x000006b7       0x2d /usr/lib/gcc/arm-none-eabi/13.2.1/../../../arm-none-eabi/lib/thumb/v7-m/nofp/libc_nano.a(libc_a-sbrkr.o)
 .ARM.attributes
                0x000006e4       0x2d /usr/lib/gcc/arm-none-eabi/13.2.1/../../../arm-none-eabi/lib/thumb/v7-m/nofp/libc_nano.a(libc_a-msizer.o)
 .ARM.attributes
                0x00000711       0x2d /usr/lib/gcc/arm-none-eabi/13.2.1/../../../arm-none-eabi/lib/thumb/v7-m/nofp/libc_nano.a(libc_a-reent.o)
 .ARM.attributes
                0x0000073e       0x2d /usr/lib/gcc/arm-none-eabi/13.2.1/../../../arm-none-eabi/lib/thumb/v7-m/nofp/libnosys.a(sbrk.o)

.debug_frame    0x00000000     0x2534
 .debug_frame   0x00000000       0x2c bin/main.o
 .debug_frame   0x0000002c       0x2c bin/platform/system_init.o
 .debug_frame   0x00000058      0x150 bin/app/tasks.o
 .debug_frame   0x000001a8       0xdc bin/drivers/uart_comm.o
 .debug_frame   0x00000284      0x200 bin/protocol/protocol.o
 .debug_frame   0x00000484      0x11c bin/protocol/parser.o
 .debug_frame   0x000005a0      0x110 bin/app/app.o
 .debug_frame   0x000006b0       0x54 bin/app/sensors.o
 .debug_frame   0x00000704       0x50 bin/app/actuators.o
 .debug_frame   0x00000754       0xd8 bin/freertos/list.o
 .debug_frame   0x0000082c      0x494 bin/freertos/queue.o
 .debug_frame   0x00000cc0      0x860 bin/freertos/tasks.o
 .debug_frame   0x00001520      0x198 bin/freertos/portable/GCC/ARM_CM3/port.o
 .debug_frame   0x000016b8      0x174 bin/freertos/heap_4.o
 .debug_frame   0x0000182c       0x60 third_party/libopencm3/lib/libopencm3_stm32f1.a(gpio.o)
 .debug_frame   0x0000188c       0x80 third_party/libopencm3/lib/libopencm3_stm32f1.a(gpio_common_all.o)
 .debug_frame   0x0000190c      0x318 third_party/libopencm3/lib/libopencm3_stm32f1.a(rcc.o)
 .debug_frame   0x00001c24       0xe0 third_party/libopencm3/lib/libopencm3_stm32f1.a(rcc_common_all.o)
 .debug_frame   0x00001d04      0x1ec third_party/libopencm3/lib/libopencm3_stm32f1.a(usart_common_all.o)
 .debug_frame   0x00001ef0       0x60 third_party/libopencm3/lib/libopencm3_stm32f1.a(usart_common_f124.o)
 .debug_frame   0x00001f50       0x4c third_party/libopencm3/lib/libopencm3_stm32f1.a(vector.o)
 .debug_frame   0x00001f9c       0xa0 third_party/libopencm3/lib/libopencm3_stm32f1.a(nvic.o)
 .debug_frame   0x0000203c       0x50 third_party/libopencm3/lib/libopencm3_stm32f1.a(flash_common_all.o)
 .debug_frame   0x0000208c       0x20 /usr/lib/gcc/arm-none-eabi/13.2.1/../../../arm-none-eabi/lib/thumb/v7-m/nofp/libc_nano.a(libc_a-strlen-stub.o)
 .debug_frame   0x000020ac       0x2c /usr/lib/gcc/arm-none-eabi/13.2.1/../../../arm-none-eabi/lib/thumb/v7-m/nofp/libc_nano.a(libc_a-memset.o)
 .debug_frame   0x000020d8       0x28 /usr/lib/gcc/arm-none-eabi/13.2.1/../../../arm-none-eabi/lib/thumb/v7-m/nofp/libc_nano.a(libc_a-strncpy.o)
 .debug_frame   0x00002100       0x38 /usr/lib/gcc/arm-none-eabi/13.2.1/../../../arm-none-eabi/lib/thumb/v7-m/nofp/libc_nano.a(libc_a-strncmp.o)
 .debug_frame   0x00002138       0x3c /usr/lib/gcc/arm-none-eabi/13.2.1/../../../arm-none-eabi/lib/thumb/v7-m/nofp/libc_nano.a(libc_a-strcmp.o)
 .debug_frame   0x00002174       0x94 /usr/lib/gcc/arm-none-eabi/13.2.1/../../../arm-none-eabi/lib/thumb/v7-m/nofp/libc_nano.a(libc_a-snprintf.o)
 .debug_frame   0x00002208       0x98 /usr/lib/gcc/arm-none-eabi/13.2.1/../../../arm-none-eabi/lib/thumb/v7-m/nofp/libc_nano.a(libc_a-nano-svfprintf.o)
 .debug_frame   0x000022a0       0x50 /usr/lib/gcc/arm-none-eabi/13.2.1/../../../arm-none-eabi/lib/thumb/v7-m/nofp/libc_nano.a(libc_a-mallocr.o)
 .debug_frame   0x000022f0       0x58 /usr/lib/gcc/arm-none-eabi/13.2.1/../../../arm-none-eabi/lib/thumb/v7-m/nofp/libc_nano.a(libc_a-freer.o)
 .debug_frame   0x00002348       0x40 /usr/lib/gcc/arm-none-eabi/13.2.1/../../../arm-none-eabi/lib/thumb/v7-m/nofp/libc_nano.a(libc_a-memmove.o)
 .debug_frame   0x00002388       0x38 /usr/lib/gcc/arm-none-eabi/13.2.1/../../../arm-none-eabi/lib/thumb/v7-m/nofp/libc_nano.a(libc_a-reallocr.o)
 .debug_frame   0x000023c0       0x6c /usr/lib/gcc/arm-none-eabi/13.2.1/../../../arm-none-eabi/lib/thumb/v7-m/nofp/libc_nano.a(libc_a-nano-vfprintf_i.o)
 .debug_frame   0x0000242c       0x30 /usr/lib/gcc/arm-none-eabi/13.2.1/../../../arm-none-eabi/lib/thumb/v7-m/nofp/libc_nano.a(libc_a-mlock.o)
 .debug_frame   0x0000245c       0x2c /usr/lib/gcc/arm-none-eabi/13.2.1/../../../arm-none-eabi/lib/thumb/v7-m/nofp/libc_nano.a(libc_a-memchr-stub.o)
 .debug_frame   0x00002488       0x2c /usr/lib/gcc/arm-none-eabi/13.2.1/../../../arm-none-eabi/lib/thumb/v7-m/nofp/libc_nano.a(libc_a-sbrkr.o)
 .debug_frame   0x000024b4       0x20 /usr/lib/gcc/arm-none-eabi/13.2.1/../../../arm-none-eabi/lib/thumb/v7-m/nofp/libc_nano.a(libc_a-msizer.o)
 .debug_frame   0x000024d4       0x40 /usr/lib/gcc/arm-none-eabi/13.2.1/../../../arm-none-eabi/lib/thumb/v7-m/nofp/libc_nano.a(libc_a-reent.o)
 .debug_frame   0x00002514       0x20 /usr/lib/gcc/arm-none-eabi/13.2.1/../../../arm-none-eabi/lib/thumb/v7-m/nofp/libnosys.a(sbrk.o)

.debug_loclists
                0x00000000     0x2215
 .debug_loclists
                0x00000000       0xd5 third_party/libopencm3/lib/libopencm3_stm32f1.a(gpio.o)
 .debug_loclists
                0x000000d5       0x96 third_party/libopencm3/lib/libopencm3_stm32f1.a(gpio_common_all.o)
 .debug_loclists
                0x0000016b      0x2cb third_party/libopencm3/lib/libopencm3_stm32f1.a(rcc.o)
 .debug_loclists
                0x00000436       0x87 third_party/libopencm3/lib/libopencm3_stm32f1.a(rcc_common_all.o)
 .debug_loclists
                0x000004bd      0x18e third_party/libopencm3/lib/libopencm3_stm32f1.a(usart_common_all.o)
 .debug_loclists
                0x0000064b       0x79 third_party/libopencm3/lib/libopencm3_stm32f1.a(usart_common_f124.o)
 .debug_loclists
                0x000006c4       0xb6 third_party/libopencm3/lib/libopencm3_stm32f1.a(vector.o)
 .debug_loclists
                0x0000077a      0x111 third_party/libopencm3/lib/libopencm3_stm32f1.a(nvic.o)
 .debug_loclists
                0x0000088b       0x17 third_party/libopencm3/lib/libopencm3_stm32f1.a(flash_common_all.o)
 .debug_loclists
                0x000008a2       0x29 /usr/lib/gcc/arm-none-eabi/13.2.1/../../../arm-none-eabi/lib/thumb/v7-m/nofp/libc_nano.a(libc_a-strlen-stub.o)
 .debug_loclists
                0x000008cb      0x1d7 /usr/lib/gcc/arm-none-eabi/13.2.1/../../../arm-none-eabi/lib/thumb/v7-m/nofp/libc_nano.a(libc_a-memset.o)
 .debug_loclists
                0x00000aa2       0xf7 /usr/lib/gcc/arm-none-eabi/13.2.1/../../../arm-none-eabi/lib/thumb/v7-m/nofp/libc_nano.a(libc_a-strncpy.o)
 .debug_loclists
                0x00000b99      0x139 /usr/lib/gcc/arm-none-eabi/13.2.1/../../../arm-none-eabi/lib/thumb/v7-m/nofp/libc_nano.a(libc_a-strncmp.o)
 .debug_loclists
                0x00000cd2      0x214 /usr/lib/gcc/arm-none-eabi/13.2.1/../../../arm-none-eabi/lib/thumb/v7-m/nofp/libc_nano.a(libc_a-snprintf.o)
 .debug_loclists
                0x00000ee6      0x531 /usr/lib/gcc/arm-none-eabi/13.2.1/../../../arm-none-eabi/lib/thumb/v7-m/nofp/libc_nano.a(libc_a-nano-svfprintf.o)
 .debug_loclists
                0x00001417      0x273 /usr/lib/gcc/arm-none-eabi/13.2.1/../../../arm-none-eabi/lib/thumb/v7-m/nofp/libc_nano.a(libc_a-mallocr.o)
 .debug_loclists
                0x0000168a      0x164 /usr/lib/gcc/arm-none-eabi/13.2.1/../../../arm-none-eabi/lib/thumb/v7-m/nofp/libc_nano.a(libc_a-freer.o)
 .debug_loclists
                0x000017ee      0x21b /usr/lib/gcc/arm-none-eabi/13.2.1/../../../arm-none-eabi/lib/thumb/v7-m/nofp/libc_nano.a(libc_a-memmove.o)
 .debug_loclists
                0x00001a09      0x102 /usr/lib/gcc/arm-none-eabi/13.2.1/../../../arm-none-eabi/lib/thumb/v7-m/nofp/libc_nano.a(libc_a-reallocr.o)
 .debug_loclists
                0x00001b0b      0x444 /usr/lib/gcc/arm-none-eabi/13.2.1/../../../arm-none-eabi/lib/thumb/v7-m/nofp/libc_nano.a(libc_a-nano-vfprintf_i.o)
 .debug_loclists
                0x00001f4f      0x172 /usr/lib/gcc/arm-none-eabi/13.2.1/../../../arm-none-eabi/lib/thumb/v7-m/nofp/libc_nano.a(libc_a-memchr-stub.o)
 .debug_loclists
                0x000020c1       0x4b /usr/lib/gcc/arm-none-eabi/13.2.1/../../../arm-none-eabi/lib/thumb/v7-m/nofp/libc_nano.a(libc_a-sbrkr.o)
 .debug_loclists
                0x0000210c       0x59 /usr/lib/gcc/arm-none-eabi/13.2.1/../../../arm-none-eabi/lib/thumb/v7-m/nofp/libc_nano.a(libc_a-msizer.o)
 .debug_loclists
                0x00002165       0x80 /usr/lib/gcc/arm-none-eabi/13.2.1/../../../arm-none-eabi/lib/thumb/v7-m/nofp/libc_nano.a(libc_a-reent.o)
 .debug_loclists
                0x000021e5       0x30 /usr/lib/gcc/arm-none-eabi/13.2.1/../../../arm-none-eabi/lib/thumb/v7-m/nofp/libnosys.a(sbrk.o)

.debug_macro    0x00000000     0x3bb2
 .debug_macro   0x00000000       0x6f third_party/libopencm3/lib/libopencm3_stm32f1.a(gpio.o)
 .debug_macro   0x0000006f      0xac0 third_party/libopencm3/lib/libopencm3_stm32f1.a(gpio.o)
 .debug_macro   0x00000b2f       0x1c third_party/libopencm3/lib/libopencm3_stm32f1.a(gpio.o)
 .debug_macro   0x00000b4b      0x34e third_party/libopencm3/lib/libopencm3_stm32f1.a(gpio.o)
 .debug_macro   0x00000e99       0x22 third_party/libopencm3/lib/libopencm3_stm32f1.a(gpio.o)
 .debug_macro   0x00000ebb       0xe8 third_party/libopencm3/lib/libopencm3_stm32f1.a(gpio.o)
 .debug_macro   0x00000fa3       0x76 third_party/libopencm3/lib/libopencm3_stm32f1.a(gpio.o)
 .debug_macro   0x00001019      0x1b4 third_party/libopencm3/lib/libopencm3_stm32f1.a(gpio.o)
 .debug_macro   0x000011cd       0x76 third_party/libopencm3/lib/libopencm3_stm32f1.a(gpio.o)
 .debug_macro   0x00001243      0xe2e third_party/libopencm3/lib/libopencm3_stm32f1.a(gpio.o)
 .debug_macro   0x00002071       0x6f third_party/libopencm3/lib/libopencm3_stm32f1.a(gpio_common_all.o)
 .debug_macro   0x000020e0       0x9e third_party/libopencm3/lib/libopencm3_stm32f1.a(rcc.o)
 .debug_macro   0x0000217e       0x16 third_party/libopencm3/lib/libopencm3_stm32f1.a(rcc.o)
 .debug_macro   0x00002194      0x8c6 third_party/libopencm3/lib/libopencm3_stm32f1.a(rcc.o)
 .debug_macro   0x00002a5a       0xee third_party/libopencm3/lib/libopencm3_stm32f1.a(rcc.o)
 .debug_macro   0x00002b48       0x82 third_party/libopencm3/lib/libopencm3_stm32f1.a(rcc.o)
 .debug_macro   0x00002bca       0x85 third_party/libopencm3/lib/libopencm3_stm32f1.a(rcc_common_all.o)
 .debug_macro   0x00002c4f       0x91 third_party/libopencm3/lib/libopencm3_stm32f1.a(usart_common_all.o)
 .debug_macro   0x00002ce0       0x94 third_party/libopencm3/lib/libopencm3_stm32f1.a(usart_common_all.o)
 .debug_macro   0x00002d74      0x29e third_party/libopencm3/lib/libopencm3_stm32f1.a(usart_common_all.o)
 .debug_macro   0x00003012       0x91 third_party/libopencm3/lib/libopencm3_stm32f1.a(usart_common_f124.o)
 .debug_macro   0x000030a3       0x86 third_party/libopencm3/lib/libopencm3_stm32f1.a(vector.o)
 .debug_macro   0x00003129      0x395 third_party/libopencm3/lib/libopencm3_stm32f1.a(vector.o)
 .debug_macro   0x000034be       0x6e third_party/libopencm3/lib/libopencm3_stm32f1.a(vector.o)
 .debug_macro   0x0000352c      0x1a2 third_party/libopencm3/lib/libopencm3_stm32f1.a(vector.o)
 .debug_macro   0x000036ce       0x6a third_party/libopencm3/lib/libopencm3_stm32f1.a(nvic.o)
 .debug_macro   0x00003738       0x68 third_party/libopencm3/lib/libopencm3_stm32f1.a(nvic.o)
 .debug_macro   0x000037a0      0x39b third_party/libopencm3/lib/libopencm3_stm32f1.a(nvic.o)
 .debug_macro   0x00003b3b       0x77 third_party/libopencm3/lib/libopencm3_stm32f1.a(flash_common_all.o)

.debug_line_str
                0x00000000       0xa5
 .debug_line_str
                0x00000000       0xa5 /usr/lib/gcc/arm-none-eabi/13.2.1/../../../arm-none-eabi/lib/thumb/v7-m/nofp/libc_nano.a(libc_a-memcpy.o)
                                 0x95 (size before relaxing)
 .debug_line_str
                0x000000a5       0x95 /usr/lib/gcc/arm-none-eabi/13.2.1/../../../arm-none-eabi/lib/thumb/v7-m/nofp/libc_nano.a(libc_a-strcmp.o)
